Archive member included to satisfy reference by file (symbol)

../../Compiler/COMMON/SGL_302j/LIB_ELF/SEGA_SYS.A(sys_exit.o)
                              ../../jo_engine/core.o (SYS_Exit)
../../Compiler/COMMON/SGL_302j/LIB_ELF/SEGA_SYS.A(sys_sub.o)
                              ../../Compiler/COMMON/SGL_302j/LIB_ELF/SEGA_SYS.A(sys_exit.o) (SYSUB_SetStackptr)
../../Compiler/COMMON/SGL_302j/LIB_ELF/LIBCD.A(CDC_CMN.O)
                              ../../Compiler/COMMON/SGL_302j/LIB_ELF/SEGA_SYS.A(sys_exit.o) (CDC_GetCurStat)
../../Compiler/COMMON/SGL_302j/LIB_ELF/LIBCD.A(CDC_CFS.O)
                              ../../Compiler/COMMON/SGL_302j/LIB_ELF/SEGA_SYS.A(sys_exit.o) (CDC_ChgDir)
../../Compiler/COMMON/SGL_302j/LIB_ELF/LIBCD.A(CDC_REG.O)
                              ../../Compiler/COMMON/SGL_302j/LIB_ELF/SEGA_SYS.A(sys_exit.o) (CDC_GetHirqReq)
../../Compiler/COMMON/SGL_302j/LIB_ELF/LIBCD.A(CDC_SUB.O)
                              ../../Compiler/COMMON/SGL_302j/LIB_ELF/LIBCD.A(CDC_CMN.O) (CDSUB_UpdStatus)
../../Compiler/COMMON/SGL_302j/LIB_ELF/LIBCD.A(GFS.O)
                              ../../jo_engine/fs.o (GFS_Init)
../../Compiler/COMMON/SGL_302j/LIB_ELF/LIBCD.A(GFS_BUF.O)
                              ../../Compiler/COMMON/SGL_302j/LIB_ELF/LIBCD.A(GFS.O) (GFBF_GetNumData)
../../Compiler/COMMON/SGL_302j/LIB_ELF/LIBCD.A(GFS_CDB.O)
                              ../../Compiler/COMMON/SGL_302j/LIB_ELF/LIBCD.A(GFS.O) (GFCB_Close)
../../Compiler/COMMON/SGL_302j/LIB_ELF/LIBCD.A(GFS_CDC.O)
                              ../../Compiler/COMMON/SGL_302j/LIB_ELF/LIBCD.A(GFS.O) (GFCD_SetCdbfs)
../../Compiler/COMMON/SGL_302j/LIB_ELF/LIBCD.A(GFS_CDF.O)
                              ../../Compiler/COMMON/SGL_302j/LIB_ELF/LIBCD.A(GFS.O) (GFCF_Init)
../../Compiler/COMMON/SGL_302j/LIB_ELF/LIBCD.A(GFS_DIR.O)
                              ../../Compiler/COMMON/SGL_302j/LIB_ELF/LIBCD.A(GFS.O) (GFDR_SetupDirTbl)
../../Compiler/COMMON/SGL_302j/LIB_ELF/LIBCD.A(GFS_TRN.O)
                              ../../Compiler/COMMON/SGL_302j/LIB_ELF/LIBCD.A(GFS.O) (GFTR_Setup)
../../Compiler/COMMON/SGL_302j/LIB_ELF/LIBCD.A(CDC_DRV.O)
                              ../../Compiler/COMMON/SGL_302j/LIB_ELF/LIBCD.A(GFS_CDC.O) (CDC_CdPlay)
../../Compiler/COMMON/SGL_302j/LIB_ELF/LIBCD.A(CDC_DEV.O)
                              ../../Compiler/COMMON/SGL_302j/LIB_ELF/LIBCD.A(GFS_CDC.O) (CDC_CdSetCon)
../../Compiler/COMMON/SGL_302j/LIB_ELF/LIBCD.A(CDC_SEL.O)
                              ../../Compiler/COMMON/SGL_302j/LIB_ELF/LIBCD.A(GFS_CDC.O) (CDC_SetFiltRange)
../../Compiler/COMMON/SGL_302j/LIB_ELF/LIBCD.A(CDC_BIF.O)
                              ../../Compiler/COMMON/SGL_302j/LIB_ELF/LIBCD.A(GFS_CDC.O) (CDC_GetBufSiz)
../../Compiler/COMMON/SGL_302j/LIB_ELF/LIBCD.A(CDC_BIO.O)
                              ../../Compiler/COMMON/SGL_302j/LIB_ELF/LIBCD.A(GFS_CDC.O) (CDC_SetSctLen)
../../Compiler/COMMON/SGL_302j/LIB_ELF/LIBSGL.A(sglA15.o)
                              ../../jo_engine/slave.o (slSlaveFunc)
../../Compiler/COMMON/SGL_302j/LIB_ELF/LIBSGL.A(sglA16.o)
                              main.o (slLookAt)
../../Compiler/COMMON/SGL_302j/LIB_ELF/LIBSGL.A(sglA17.o)
                              main.o (slRotZ)
../../Compiler/COMMON/SGL_302j/LIB_ELF/LIBSGL.A(sglA18.o)
                              main.o (slRotY)
../../Compiler/COMMON/SGL_302j/LIB_ELF/LIBSGL.A(sglA19.o)
                              main.o (slRotX)
../../Compiler/COMMON/SGL_302j/LIB_ELF/LIBSGL.A(sglA20.o)
                              ../../jo_engine/core.o (slUnitMatrix)
../../Compiler/COMMON/SGL_302j/LIB_ELF/LIBSGL.A(sglA21.o)
                              main.o (slPushMatrix)
../../Compiler/COMMON/SGL_302j/LIB_ELF/LIBSGL.A(sglA23.o)
                              main.o (slGetMatrix)
../../Compiler/COMMON/SGL_302j/LIB_ELF/LIBSGL.A(sglA27.o)
                              main.o (slTranslate)
../../Compiler/COMMON/SGL_302j/LIB_ELF/LIBSGL.A(sglB001.o)
                              ../../jo_engine/core.o (slTVOn)
../../Compiler/COMMON/SGL_302j/LIB_ELF/LIBSGL.A(sglB011.o)
                              ../../jo_engine/vdp2.o (slBitMapNbg1)
../../Compiler/COMMON/SGL_302j/LIB_ELF/LIBSGL.A(sglB014.o)
                              ../../jo_engine/vdp2.o (slScrTransparent)
../../Compiler/COMMON/SGL_302j/LIB_ELF/LIBSGL.A(sglB015.o)
                              ../../jo_engine/vdp2.o (slScrAutoDisp)
../../Compiler/COMMON/SGL_302j/LIB_ELF/LIBSGL.A(sglB016.o)
                              ../../jo_engine/vdp2.o (slBack1ColSet)
../../Compiler/COMMON/SGL_302j/LIB_ELF/LIBSGL.A(sglB020.o)
                              ../../jo_engine/vdp2.o (slColorCalc)
../../Compiler/COMMON/SGL_302j/LIB_ELF/LIBSGL.A(sglB021.o)
                              ../../jo_engine/vdp2.o (slColorCalcOn)
../../Compiler/COMMON/SGL_302j/LIB_ELF/LIBSGL.A(sglB023.o)
                              ../../jo_engine/vdp2.o (slColRate)
../../Compiler/COMMON/SGL_302j/LIB_ELF/LIBSGL.A(sglB032.o)
[...]
Memory Configuration

Name             Origin             Length             Attributes
*default*        0x00000000         0xffffffff

Linker script and memory map


SLSTART         0x06004000       0x30
                0x06004000                ___Start = .
 *(SLSTART)
 SLSTART        0x06004000       0x28 ../../Compiler/COMMON/SGL_302j/LIB_ELF/LIBSGL.A(sglI00.o)
                0x06004000                SGL_Start
                0x06004002                slStartSGL

.text           0x06004040    0x12190
 *(.text)
 .text          0x06004040        0x0 ../../Compiler/COMMON/SGL_302j/LIB_ELF/SGLAREA.O
 .text          0x06004040     0x1140 main.o
                0x060040a8                dotv
                0x060040e0                crossv
                0x0600415c                addv
                0x0600417c                subv
                0x0600419c                idkv
                0x060041e4                calc
                0x06004298                getSepPlane
                0x060046b4                getCollision
                0x060049b0                InitObb
                0x06004bc0                update_polygon
                0x06004c08                my_draw
                0x060050ec                jo_main
 .text          0x06005180      0xae4 ../../jo_engine/tga.o
                0x060053fc                jo_set_tga_palette_handling
                0x06005408                __jo_tga_load
                0x06005528                __jo_tga_any_loader_from_stream
                0x06005570                jo_tga_8bits_loader_from_stream
                0x06005588                jo_tga_loader_from_stream
                0x060055a0                __jo_tga_any_loader
                0x060055f0                jo_tga_8bits_loader
                0x0600560c                jo_tga_loader
                0x06005628                jo_tga_8bits_tileset_loader
                0x06005864                jo_sprite_add_tga_tileset
                0x06005abc                jo_sprite_add_tga_from_stream
                0x06005b74                jo_sprite_add_tga
 .text          0x06005c64      0x8e8 ../../jo_engine/3d.o
                0x06005ccc                jo_3d_init
                0x06005cf4                jo_3d_create_triangle
                0x06005d30                jo_3d_create_plane
                0x06005d70                jo_3d_create_mesh_from_vertices_and_normals
                0x06005e84                jo_3d_free_mesh
                0x06005ed8                jo_3d_create_cube
                0x06005f34                jo_3d_set_mesh_polygon_transparency
                0x06005fa8                jo_3d_set_mesh_transparency
                0x06006014                jo_3d_set_mesh_polygon_screen_doors
                0x0600608c                jo_3d_set_mesh_screen_doors
                0x060060f8                jo_3d_set_mesh_polygon_light
                0x06006168                jo_3d_set_mesh_light
                0x060061d4                jo_3d_set_mesh_polygon_texture
                0x060062a0                jo_3d_set_mesh_texture
                0x0600630c                jo_3d_set_mesh_polygon_color
                0x060063b8                jo_3d_set_mesh_color
                0x06006424                jo_3d_free_sprite_quad
                0x06006450                jo_3d_create_sprite_quad
 .text          0x0600654c      0x960 ../../jo_engine/fs.o
                0x060065b4                jo_fs_init
                0x06006664                jo_fs_do_background_jobs
                0x06006720                jo_fs_read_file_async_ptr
                0x060068c4                jo_fs_cd
                0x06006934                jo_fs_read_file_ptr
                0x06006ad0                jo_fs_read_file_in_dir
                0x06006b1c                jo_fs_open
                0x06006c18                jo_fs_seek_forward
                0x06006d28                jo_fs_read_next_bytes
                0x06006e20                jo_fs_close
                0x06006e6c                jo_fs_set_read_sector_count
 .text          0x06006eac      0x158 ../../jo_engine/slave.o
                0x06006f2c                jo_core_add_slave_callback
                0x06006f7c                jo_core_remove_slave_callback
                0x06006fbc                jo_core_slave_init
                0x06006fcc                jo_core_wait_for_slave
                0x06006ff0                jo_core_exec_on_slave
 .text          0x06007004      0x574 ../../jo_engine/font.o
                0x0600706c                jo_font_load
                0x060072fc                jo_font_print
                0x06007420                jo_font_print_centered
 .text          0x06007578      0x118 ../../jo_engine/input.o
                0x060075e0                jo_get_inputs_vblank
                0x06007628                jo_get_input_type
                0x0600766c                jo_get_input_count
 .text          0x06007690        0x0 ../../jo_engine/physics.o
 .text          0x06007690      0x9c8 ../../jo_engine/core.o
                0x06007740                __jo_core_set_screens_order
                0x06007878                jo_goto_boot_menu
                0x06007884                jo_core_suspend
                0x06007964                __jo_core_error
                0x06007a84                jo_core_add_vblank_callback
                0x06007b08                jo_core_init
                0x06007ddc                jo_core_remove_vblank_callback
                0x06007e3c                jo_core_add_callback
                0x06007e8c                jo_core_remove_callback
                0x06007ecc                jo_core_set_restart_game_callback
                0x06007ed8                jo_core_run
                0x06007fa0                jo_dump_vdp1_registers
                0x06007ffc                jo_dump_vdp2_registers
 .text          0x06008058      0xb50 ../../jo_engine/math.o
                0x060080c0                jo_fixed_mult
                0x060080d4                jo_fixed_dot
                0x060080ec                jo_fixed_pow
                0x06008124                jo_fixed_div
                0x0600814c                jo_fixed_sin
                0x06008250                jo_gcd
                0x060082b8                jo_atan2f_rad
                0x0600847c                jo_planar_rotate
                0x060085e8                jo_random
                0x06008658                jo_vector_fixed_compute_bezier_point
                0x060087e8                jo_vectorf_compute_bezier_point
                0x06008938                jo_fixed_sqrt
                0x060089e8                jo_sqrt
                0x06008a28                jo_fixed_rsqrt
                0x06008b38                jo_rsqrt
 .text          0x06008ba8      0x4b4 ../../jo_engine/malloc.o
                0x06008c10                jo_add_memory_zone
                0x06008c80                jo_malloc_with_behaviour
                0x06008dcc                jo_reduce_memory_fragmentation
                0x06008e40                jo_free
                0x06008ebc                jo_memory_usage_percent
                0x06008fc0                jo_memory_fragmentation
 .text          0x0600905c      0x4a8 ../../jo_engine/tools.o
                0x060090c4                jo_print
                0x06009114                jo_clear_screen_line
                0x0600915c                jo_clear_screen
                0x06009180                jo_getdate
                0x0600921c                jo_get_current_language
                0x06009240                jo_tools_atoi
                0x060092c0                jo_strlen
                0x06009310                jo_endwith
                0x060093bc                jo_strcmp
                0x060093ec                jo_memset
                0x06009490                jo_map_to_vram
 .text          0x06009504      0x134 ../../jo_engine/palette.o
                0x0600956c                jo_create_palette
                0x060095c0                jo_set_palette_register
                0x06009624                jo_get_palette_register
 .text          0x06009638      0xa30 ../../jo_engine/sprites.o
                0x060097d4                jo_sprite_usage_percent
                0x06009860                jo_get_last_sprite_id
                0x0600986c                jo_sprite_init
                0x060098f0                jo_sprite_name2id
                0x06009968                jo_sprite_replace
                0x06009a88                jo_sprite_add
                0x06009ad4                jo_sprite_add_8bits_image
                0x06009b20                jo_sprite_free_from
                0x06009bc8                jo_set_gouraud_shading_colors
                0x06009bf0                jo_set_gouraud_shading_brightness
                0x06009c30                jo_sprite_draw_4p_fixed
                0x06009d48                jo_sprite_draw
                0x06009e94                jo_sprite_draw_rotate
                0x0600a034                jo_sprite_set_clipping_area
 .text          0x0600a068      0xb38 ../../jo_engine/map.o
                0x0600a198                jo_map_per_pixel_vertical_collision
                0x0600a32c                jo_map_hitbox_detection_custom_boundaries
                0x0600a39c                jo_map_create
                0x0600a418                jo_map_add_tile
                0x0600a43c                jo_map_add_animated_tile
                0x0600a460                jo_map_draw_background
                0x0600a4f8                jo_map_3d_draw
                0x0600a634                jo_map_draw
                0x0600a730                jo_map_free
                0x0600a748                jo_map_load_from_file
                0x0600ab20                jo_map_move_tiles_by_attribute
 .text          0x0600aba0      0x200 ../../jo_engine/list.o
                0x0600ac08                jo_list_init
                0x0600ac18                jo_list_add
                0x0600ac90                jo_list_insert_at
                0x0600ad40                jo_list_remove
 .text          0x0600ada0      0x2bc ../../jo_engine/sprite_animator.o
                0x0600aeb4                jo_replace_sprite_anim
                0x0600af68                jo_create_sprite_anim
                0x0600b034                jo_clear_all_sprite_anim
 .text          0x0600b05c      0x7b0 ../../jo_engine/image.o
                0x0600b0c4                __jo_bin_load
                0x0600b114                jo_free_img
                0x0600b15c                jo_bin_loader_from_stream
                0x0600b22c                jo_bin_loader
                0x0600b2b0                jo_replace_color
                0x0600b31c                jo_sprite_add_bin_tileset
                0x0600b514                jo_sprite_add_bin
                0x0600b5e0                jo_sprite_add_bin_from_stream
                0x0600b678                jo_sprite_add_image_pack
 .text          0x0600b80c      0xbe8 ../../jo_engine/vdp2.o
                0x0600b8f0                jo_set_default_background_color
                0x0600b930                jo_img_to_vdp2_cells
                0x0600ba54                jo_vdp2_replace_rbg0_plane_a_8bits_image
                0x0600ba68                jo_vdp2_replace_rbg0_plane_b_8bits_image
                0x0600ba7c                jo_vdp2_set_rbg0_plane_a_8bits_image
                0x0600bb44                jo_vdp2_set_rbg0_plane_b_8bits_image
                0x0600bc0c                jo_vdp2_enable_rbg0
                0x0600bce0                jo_vdp2_disable_rbg0
                0x0600bcf8                jo_init_nbg0_printf
                0x0600bd7c                __jo_init_vdp2
                0x0600bde0                jo_vdp2_disable_nbg0_line_scroll
                0x0600be04                jo_vdp2_compute_nbg0_line_scroll
                0x0600be1c                jo_vdp2_enable_nbg0_line_scroll
                0x0600be8c                jo_vdp2_draw_bitmap_nbg1_line
                0x0600bf58                jo_vdp2_clear_bitmap_nbg1
                0x0600bfbc                jo_vdp2_set_nbg1_8bits_image
                0x0600c0a4                jo_vdp2_set_nbg1_image
                0x0600c1e0                jo_vdp2_disable_nbg1_line_scroll
                0x0600c204                jo_vdp2_compute_nbg1_line_scroll
                0x0600c21c                jo_vdp2_enable_nbg1_line_scroll
                0x0600c28c                jo_set_displayed_screens
                0x0600c29c                jo_disable_all_screens_transparency
                0x0600c2c0                jo_enable_screen_transparency
 .text          0x0600c3f4      0x280 ../../jo_engine/time.o
                0x0600c45c                jo_time_init
                0x0600c488                jo_get_ticks
                0x0600c568                jo_fixed_point_time
 .text          0x0600c674       0x68 ../../jo_engine/vdp1_command_pipeline.o
 .text          0x0600c6dc      0x334 ../../jo_engine/vdp2_malloc.o
                0x0600c744                jo_vdp2_malloc_init
                0x0600c77c                jo_vdp2_free
                0x0600c83c                jo_vdp2_malloc
 .text          0x0600ca10      0x238 ../../Compiler/COMMON/SGL_302j/LIB_ELF/SEGA_SYS.A(sys_exit.o)
                0x0600ca10                sys_version
                0x0600ca30                SYS_Exit
 *fill*         0x0600cc48        0x8 
 .text          0x0600cc50        0x6 ../../Compiler/COMMON/SGL_302j/LIB_ELF/SEGA_SYS.A(sys_sub.o)
                0x0600cc50                SYSUB_SetStackptr
 *fill*         0x0600cc56        0xa 
 .text          0x0600cc60      0x3a0 ../../Compiler/COMMON/SGL_302j/LIB_ELF/LIBCD.A(CDC_CMN.O)
                0x0600cc60                CDC_GetCurStat
                0x0600ccb0                CDC_GetLastStat
                0x0600ccc8                CDC_GetPeriStat
                0x0600cd9c                CDC_GetHwInfo
                0x0600ce04                CDC_TgetToc
                0x0600ce54                CDC_GetSes
                0x0600ce90                CDC_CdInit
                0x0600cf14                CDC_CdOpen
                0x0600cf3c                CDC_DataReady
                0x0600cfa8                CDC_DataEnd
 .text          0x0600d000      0x194 ../../Compiler/COMMON/SGL_302j/LIB_ELF/LIBCD.A(CDC_CFS.O)
                0x0600d000                CDC_ChgDir
                0x0600d034                CDC_ReadDir
                0x0600d068                CDC_GetFileScope
                0x0600d0c8                CDC_TgetFileInfo
                0x0600d124                CDC_ReadFile
                0x0600d158                CDC_AbortFile
 *fill*         0x0600d194        0xc 
 .text          0x0600d1a0      0x2dc ../../Compiler/COMMON/SGL_302j/LIB_ELF/LIBCD.A(CDC_REG.O)
                0x0600d1a0                CDC_GetDataPtr
                0x0600d1b0                CDC_GetHirqReq
                0x0600d1c4                CDC_ClrHirqReq
                0x0600d1f4                CDREG_ClrHirqReq
                0x0600d204                CDREG_InitHirqReq
                0x0600d22c                CDREG_SetHirqFlag
                0x0600d240                CDC_GetHirqMsk
                0x0600d254                CDC_SetHirqMsk
                0x0600d264                CDC_GetMpegPtr
                0x0600d274                CDREG_TgetData
                0x0600d2d0                CDREG_CmdRsp
                0x0600d3d0                CDREG_WaitHirq
                0x0600d440                CDREG_ReadRsp
 *fill*         0x0600d47c        0x4 
 .text          0x0600d480      0x152 ../../Compiler/COMMON/SGL_302j/LIB_ELF/LIBCD.A(CDC_SUB.O)
                0x0600d480                CDSUB_UpdStatus
                0x0600d498                CDSUB_UpdCdstat
                0x0600d4b8                CDSUB_CdCmd
                0x0600d528                CDSUB_GetCdstat
                0x0600d568                CDSUB_RspToCdstat
                0x0600d5b0                CDSUB_SoftTimer
 *fill*         0x0600d5d2        0xe 
 .text          0x0600d5e0     0x1adc ../../Compiler/COMMON/SGL_302j/LIB_ELF/LIBCD.A(GFS.O)
                0x0600d5e0                gfs_version
                0x0600d600                GFS_Init
                0x0600d6e8                GFS_LoadDir
                0x0600d790                GFS_SetDir
                0x0600d7f8                GFS_NameToId
                0x0600d85c                GFS_IdToName
                0x0600d8c8                GFS_GetDirInfo
                0x0600d938                GFS_Reset
                0x0600d9bc                GFS_Open
                0x0600da70                GFS_Close
                0x0600daa8                GFS_Seek
                0x0600db5c                GFS_Tell
                0x0600dbac                GFS_IsEof
                0x0600dc00                GFS_ByteToSct
                0x0600dc5c                GFS_GetFileSize
                0x0600dcb8                GFS_GetFileInfo
                0x0600dd2c                GFS_GetNumCdbuf
                0x0600dd54                GFS_Load
                0x0600de18                GFS_Fread
                0x0600deb4                gfs_waitRead
                0x0600df5c                GFS_NwFread
                0x0600e068                GFS_NwCdRead
                0x0600e0e0                GFS_NwIsComplete
                0x0600e118                GFS_NwStop
                0x0600e184                GFS_NwGetStat
                0x0600e200                gfs_recovRdErr
                0x0600e230                GFS_NwExecOne
                0x0600e2f0                GFS_NwExecServer
                0x0600e36c                GFS_SetGmode
                0x0600e3d0                GFS_SetTmode
                0x0600e43c                GFS_SetReadPara
                0x0600e4a0                GFS_SetTransPara
                0x0600e50c                GFS_SetTrFunc
                0x0600e570                GFS_StartTrans
                0x0600e5bc                GFS_CdMovePickup
                0x0600e628                GFS_SetErrFunc
                0x0600e654                GFS_GetErrStat
                0x0600e678                GFS_ConvTno
                0x0600e6a0                gfs_chgRoot
                0x0600e76c                gfs_aborttrans
                0x0600e778                gfs_mngSetupFuncTbl
                0x0600e7ac                gfs_mngInitWork
                0x0600e850                gfs_mngGetNumFile
                0x0600e8b8                GFS_mngAllocGrp
                0x0600e900                gfs_mngFreeGrp
                0x0600e90c                gfs_mngTermAccess
                0x0600e990                gfs_mngSetErrCode
                0x0600ea10                gfs_svrSearchHndl
                0x0600ea50                gfs_svrAddHndl
                0x0600ea8c                gfs_svrRemoveHndl
                0x0600eae8                GFS_OpenSub
                0x0600eb40                gfs_loadVol
                0x0600ec04                gfs_getRootDir
                0x0600ed00                gfs_loadRootDir
                0x0600ed88                gfs_flowIn
                0x0600ee30                gfs_transData
                0x0600eed4                GFS_GetFad
                0x0600ef2c                gfs_SetSct
                0x0600ef6c                gfs_GetFinfo
                0x0600efac                gfs_closeSub
                0x0600efe8                gfs_getGmode
                0x0600eff4                gfs_isTaskDone
                0x0600f048                gfs_convFinStat
 *fill*         0x0600f0bc        0x4 
 .text          0x0600f0c0      0x106 ../../Compiler/COMMON/SGL_302j/LIB_ELF/LIBCD.A(GFS_BUF.O)
                0x0600f0f0                GFBF_GetTranData
                0x0600f118                GFBF_GetNumData
                0x0600f148                GFBF_GetSrcPk
                0x0600f170                GFBF_GetSctData
                0x0600f194                GFBF_RtnPk
                0x0600f1bc                gfbf_getSctDt
 *fill*         0x0600f1c6        0xa 
 .text          0x0600f1d0      0x600 ../../Compiler/COMMON/SGL_302j/LIB_ELF/LIBCD.A(GFS_CDB.O)
                0x0600f1d0                GFCB_Setup
                0x0600f2f0                GFCB_Close
                0x0600f318                GFCB_GetLenData
                0x0600f3c4                GFCB_GetLenRoom
                0x0600f3d0                GFCB_SetFilt
                0x0600f438                GFCB_DeleteAllData
                0x0600f460                GFCB_Tell
                0x0600f470                gfcb_getSctNum
                0x0600f4c0                GFCB_Seek
                0x0600f5bc                GFCB_GetSrcPack
                0x0600f69c                GFCB_GetSctData
                0x0600f6d4                GFCB_GetDstPack
                0x0600f6e0                GFCB_RtnPk
                0x0600f728                GFCB_MovePickup
                0x0600f744                GFCB_SetCon
                0x0600f778                GFCB_GetPickup
                0x0600f7a0                GFCB_IsPuOwner
                0x0600f7b8                GFCB_UngetPickup
 .text          0x0600f7d0     0x1a10 ../../Compiler/COMMON/SGL_302j/LIB_ELF/LIBCD.A(GFS_CDC.O)
                0x0600f7d0                GFCD_SetCdbfs
                0x0600f7fc                GFCD_Init
                0x0600fa00                GFCD_AllocFilt
                0x0600fa3c                GFCD_FreeFilt
                0x0600fa6c                GFCD_AllocBuf
                0x0600faa0                GFCD_FreeBuf
                0x0600fb44                GFCD_GetBaseFad
                0x0600fb78                GFCD_GetPickup
                0x0600fbac                GFCD_UngetPickup
                0x0600fbd8                GFCD_IsPuOwner
                0x0600fbfc                GFCD_SetFilt
                0x0600fcc0                GFCD_GetFilt
                0x0600fd08                GFCD_SetCon
                0x0600fd60                GFCD_Play
                0x0600fdc0                GFCD_GetLenData
                0x0600fe28                GFCD_ReqData
                0x0600fe84                GFCD_EndData
                0x0600fecc                GFCD_DelSctData
                0x0600ff24                GFCD_CheckDelSctData
                0x0600ff54                GFCD_GetStat
                0x06010008                GFCD_MovePickup
                0x06010054                GFCD_MoveSctData
                0x060100c8                GFCD_CheckMove
                0x060100ec                GFCD_GetSctInfo
                0x06010134                GFCD_ChgDir
                0x060101a8                GFCD_SetFiltCon
                0x06010290                GFCD_GetFileInfo
                0x0601036c                GFCD_GetBufSiz
                0x060103a4                GFCD_ExecServer
                0x06010478                gfcd_isIdleTask
                0x06010504                gfcd_doTask
                0x060105b0                GFCD_SetTimer
                0x060105c4                GFCD_WaitServer
                0x06010600                gfcd_doSetFiltTsk
                0x060107c4                gfcd_doSetConTsk
                0x06010854                gfcd_doGetLenDataTsk
                0x060109a8                gfcd_doReqDataTsk
                0x06010a48                gfcd_doDelSctDataTsk
                0x06010b7c                gfcd_doMoveSctTsk
                0x06010ce0                gfcd_doChgDirTsk
                0x06010edc                gfcd_doSetFiltConTsk
                0x06011020                gfcd_checkEflag
                0x06011044                gfcd_initCdbMng
                0x060110c4                gfcd_setStat
                0x060110f0                GFCD_SetCsctFunc
                0x0601110c                GFCD_ChkScdqFlag
                0x06011130                GFCD_ClrScdqFlag
                0x0601114c                GFCD_WaitScdqFlag
                0x06011190                GFCD_WaitPause
 .text          0x060111e0      0x8d8 ../../Compiler/COMMON/SGL_302j/LIB_ELF/LIBCD.A(GFS_CDF.O)
                0x060111e0                GFCF_Init
                0x06011280                GFCF_Setup
                0x060113c8                GFCF_SetSct
                0x0601140c                GFCF_GetFileInfo
                0x06011480                GFCF_FlowInBuf
                0x060115d4                GFCF_StopInBuf
                0x06011674                GFCF_Recover
                0x060116bc                GFCF_Tell
                0x060116d4                GFCF_Seek
                0x060116ec                GFCF_MovePickup
                0x06011788                GFCF_cnvIntlvOfs
                0x060117dc                GFCF_GetStat
                0x06011874                gfcf_getSctSize
                0x060118b0                gfcf_isCdOk
                0x06011970                gfcf_getPlayRange
 *fill*         0x06011ab8        0x8 
 .text          0x06011ac0      0x92c ../../Compiler/COMMON/SGL_302j/LIB_ELF/LIBCD.A(GFS_DIR.O)
                0x06011ac0                GFDR_SetupDirTbl
                0x06011b34                GFDR_NameToId
                0x06011b94                GFDR_GetInfoDirId
                0x06011ba8                GFDR_GetInfoDirName
                0x06011bbc                GFDR_GetAtrDirId
                0x06011bd4                GFDR_GetAtrDirName
                0x06011bec                GFDR_ChgRoot
                0x06011c04                GFDR_ChgDir
                0x06011c78                gfdr_setupDirIdTbl
                0x06011cfc                gfdr_setupDirNameTbl
                0x06011da8                gfdr_open
                0x06011dd0                gfdr_read
                0x06011e90                gfdr_readByte
                0x06011ebc                gfdr_readWord
                0x06011ee8                gfdr_readWordNB
                0x06011f3c                gfdr_readLongNB
                0x06011f88                gfdr_readLongNM
                0x06011fb0                gfdr_setNextRec
                0x06012034                gfdr_readDirEnt
                0x060123b0                gfdr_setDirrecCd
 *fill*         0x060123ec        0x4 
 .text          0x060123f0      0x9c6 ../../Compiler/COMMON/SGL_302j/LIB_ELF/LIBCD.A(GFS_TRN.O)
                0x06012420                GFTR_Setup
                0x06012464                GFTR_SetMode
                0x06012478                GFTR_SetUnit
                0x06012484                GFTR_SetTransPara
                0x060124b8                GFTR_GetTransPara
                0x060124c4                GFTR_GetNumTrans
                0x060124d0                GFTR_SetTransMax
                0x060124dc                GFTR_Start
                0x060124e8                GFTR_Pause
                0x060124f4                GFTR_Stop
                0x060125ac                GFTR_Exec
                0x06012630                GFTR_Idle
                0x060126a8                GFTR_ExecSvr
                0x060127b0                gftr_getSrcPack
                0x06012838                gftr_getDstPack
                0x06012894                gftr_reqScu
                0x060128a0                gftr_execScu
                0x0601293c                gftr_remScu
                0x06012970                gfdma_canUse
                0x0601297c                gfdma_exec
                0x060129ec                gfdma_getBytecnt
                0x06012a24                gftr_reqDma0
                0x06012a3c                gftr_execSdma0
                0x06012a60                gftr_remDma0
                0x06012a78                gftr_reqDma1
                0x06012a90                gftr_execSdma1
                0x06012ab4                gftr_remDma1
                0x06012acc                gftr_reqCpu
                0x06012ad8                gftr_execCpu
                0x06012b18                gftr_remCpu
                0x06012b24                gftr_reqTrn
                0x06012b94                gftr_execTrn
                0x06012c6c                gftr_remTrn
                0x06012ce0                gftr_copyFrac
                0x06012d08                GFTR_GetLenData
                0x06012d14                GFTR_GetLenRoom
                0x06012d2c                GFTR_GetDstPack
                0x06012d60                GFTR_RtnDstPk
                0x06012d7c                GFTR_GetData
                0x06012d90                GFTR_SetData
                0x06012da4                GFTR_SetTransFunc
 *fill*         0x06012db6        0xa 
 .text          0x06012dc0      0x130 ../../Compiler/COMMON/SGL_302j/LIB_ELF/LIBCD.A(CDC_DRV.O)
                0x06012dc0                CDC_CdPlay
                0x06012e8c                CDC_CdSeek
                0x06012ec0                CDC_CdScan
 .text          0x06012ef0       0xa8 ../../Compiler/COMMON/SGL_302j/LIB_ELF/LIBCD.A(CDC_DEV.O)
                0x06012ef0                CDC_CdSetCon
                0x06012f20                CDC_CdGetCon
                0x06012f5c                CDC_CdGetLastBuf
 *fill*         0x06012f98        0x8 
 .text          0x06012fa0      0x2b8 ../../Compiler/COMMON/SGL_302j/LIB_ELF/LIBCD.A(CDC_SEL.O)
                0x06012fa0                CDC_SetFiltRange
                0x06012fd4                CDC_GetFiltRange
                0x0601302c                CDC_SetFiltSubh
                0x0601309c                CDC_GetFiltSubh
                0x06013118                CDC_SetFiltMode
                0x0601314c                CDC_GetFiltMode
                0x06013190                CDC_SetFiltCon
                0x060131d0                CDC_GetFiltCon
                0x06013224                CDC_ResetSelector
 *fill*         0x06013258        0x8 
 .text          0x06013260      0x270 ../../Compiler/COMMON/SGL_302j/LIB_ELF/LIBCD.A(CDC_BIF.O)
                0x06013260                CDC_GetBufSiz
                0x060132bc                CDC_GetSctNum
                0x06013300                CDC_CalActSiz
                0x0601333c                CDC_GetActSiz
                0x060133bc                CDC_GetSctInfo
                0x0601343c                CDC_ExeFadSearch
                0x06013474                CDC_GetFadSearch
 .text          0x060134d0      0x1e4 ../../Compiler/COMMON/SGL_302j/LIB_ELF/LIBCD.A(CDC_BIO.O)
                0x060134d0                CDC_SetSctLen
                0x06013504                CDC_GetSctData
                0x06013540                CDC_DelSctData
                0x0601357c                CDC_GetdelSctData
                0x060135b8                CDC_PutSctData
                0x060135f0                CDC_CopySctData
                0x06013634                CDC_MoveSctData
                0x06013678                CDC_GetCopyErr
 *fill*         0x060136b4        0xc 
 .text          0x060136c0        0x0 ../../Compiler/COMMON/SGL_302j/LIB_ELF/LIBSGL.A(sglA15.o)
 .text          0x060136c0        0x0 ../../Compiler/COMMON/SGL_302j/LIB_ELF/LIBSGL.A(sglA16.o)
 .text          0x060136c0        0x0 ../../Compiler/COMMON/SGL_302j/LIB_ELF/LIBSGL.A(sglA17.o)
 .text          0x060136c0        0x0 ../../Compiler/COMMON/SGL_302j/LIB_ELF/LIBSGL.A(sglA18.o)
 .text          0x060136c0        0x0 ../../Compiler/COMMON/SGL_302j/LIB_ELF/LIBSGL.A(sglA19.o)
 .text          0x060136c0        0x0 ../../Compiler/COMMON/SGL_302j/LIB_ELF/LIBSGL.A(sglA20.o)
 .text          0x060136c0        0x0 ../../Compiler/COMMON/SGL_302j/LIB_ELF/LIBSGL.A(sglA21.o)
 .text          0x060136c0        0x0 ../../Compiler/COMMON/SGL_302j/LIB_ELF/LIBSGL.A(sglA23.o)
 .text          0x060136c0        0x0 ../../Compiler/COMMON/SGL_302j/LIB_ELF/LIBSGL.A(sglA27.o)
 .text          0x060136c0        0x0 ../../Compiler/COMMON/SGL_302j/LIB_ELF/LIBSGL.A(sglB001.o)
 .text          0x060136c0        0x0 ../../Compiler/COMMON/SGL_302j/LIB_ELF/LIBSGL.A(sglB011.o)
 .text          0x060136c0        0x0 ../../Compiler/COMMON/SGL_302j/LIB_ELF/LIBSGL.A(sglB014.o)
 .text          0x060136c0        0x0 ../../Compiler/COMMON/SGL_302j/LIB_ELF/LIBSGL.A(sglB015.o)
 .text          0x060136c0        0x0 ../../Compiler/COMMON/SGL_302j/LIB_ELF/LIBSGL.A(sglB016.o)
 .text          0x060136c0        0x0 ../../Compiler/COMMON/SGL_302j/LIB_ELF/LIBSGL.A(sglB020.o)
 .text          0x060136c0        0x0 ../../Compiler/COMMON/SGL_302j/LIB_ELF/LIBSGL.A(sglB021.o)
 .text          0x060136c0        0x0 ../../Compiler/COMMON/SGL_302j/LIB_ELF/LIBSGL.A(sglB023.o)
 .text          0x060136c0        0x0 ../../Compiler/COMMON/SGL_302j/LIB_ELF/LIBSGL.A(sglB032.o)
 .text          0x060136c0        0x0 ../../Compiler/COMMON/SGL_302j/LIB_ELF/LIBSGL.A(sglB035.o)
 .text          0x060136c0        0x0 ../../Compiler/COMMON/SGL_302j/LIB_ELF/LIBSGL.A(sglB036.o)
 .text          0x060136c0        0x0 ../../Compiler/COMMON/SGL_302j/LIB_ELF/LIBSGL.A(sglB038.o)
 .text          0x060136c0        0x0 ../../Compiler/COMMON/SGL_302j/LIB_ELF/LIBSGL.A(sglB039.o)
 .text          0x060136c0        0x0 ../../Compiler/COMMON/SGL_302j/LIB_ELF/LIBSGL.A(sglB040.o)
 .text          0x060136c0        0x0 ../../Compiler/COMMON/SGL_302j/LIB_ELF/LIBSGL.A(sglB041.o)
 .text          0x060136c0        0x0 ../../Compiler/COMMON/SGL_302j/LIB_ELF/LIBSGL.A(sglB043.o)
 .text          0x060136c0        0x0 ../../Compiler/COMMON/SGL_302j/LIB_ELF/LIBSGL.A(sglB047.o)
 .text          0x060136c0        0x0 ../../Compiler/COMMON/SGL_302j/LIB_ELF/LIBSGL.A(sglB048.o)
 .text          0x060136c0        0x0 ../../Compiler/COMMON/SGL_302j/LIB_ELF/LIBSGL.A(sglB056.o)
 .text          0x060136c0        0x0 ../../Compiler/COMMON/SGL_302j/LIB_ELF/LIBSGL.A(sglB059.o)
 .text          0x060136c0        0x0 ../../Compiler/COMMON/SGL_302j/LIB_ELF/LIBSGL.A(sglB060.o)
 .text          0x060136c0        0x0 ../../Compiler/COMMON/SGL_302j/LIB_ELF/LIBSGL.A(sglB063.o)
 .text          0x060136c0        0x0 ../../Compiler/COMMON/SGL_302j/LIB_ELF/LIBSGL.A(sglB087.o)
 .text          0x060136c0        0x0 ../../Compiler/COMMON/SGL_302j/LIB_ELF/LIBSGL.A(sglB088.o)
 .text          0x060136c0        0x0 ../../Compiler/COMMON/SGL_302j/LIB_ELF/LIBSGL.A(sglB090.o)
 .text          0x060136c0        0x0 ../../Compiler/COMMON/SGL_302j/LIB_ELF/LIBSGL.A(sglB200.o)
 .text          0x060136c0        0x0 ../../Compiler/COMMON/SGL_302j/LIB_ELF/LIBSGL.A(sglC04.o)
 .text          0x060136c0        0x0 ../../Compiler/COMMON/SGL_302j/LIB_ELF/LIBSGL.A(sglC05.o)
 .text          0x060136c0        0x0 ../../Compiler/COMMON/SGL_302j/LIB_ELF/LIBSGL.A(sglC06.o)
 .text          0x060136c0        0x0 ../../Compiler/COMMON/SGL_302j/LIB_ELF/LIBSGL.A(sglC07.o)
 .text          0x060136c0        0x0 ../../Compiler/COMMON/SGL_302j/LIB_ELF/LIBSGL.A(sglC08.o)
 .text          0x060136c0        0x0 ../../Compiler/COMMON/SGL_302j/LIB_ELF/LIBSGL.A(sglC17.o)
 .text          0x060136c0        0x0 ../../Compiler/COMMON/SGL_302j/LIB_ELF/LIBSGL.A(sglC19.o)
 .text          0x060136c0        0x0 ../../Compiler/COMMON/SGL_302j/LIB_ELF/LIBSGL.A(sglC20.o)
 .text          0x060136c0        0x0 ../../Compiler/COMMON/SGL_302j/LIB_ELF/LIBSGL.A(sglC21.o)
 .text          0x060136c0        0x0 ../../Compiler/COMMON/SGL_302j/LIB_ELF/LIBSGL.A(sglD00.o)
 .text          0x060136c0        0x0 ../../Compiler/COMMON/SGL_302j/LIB_ELF/LIBSGL.A(sglD01.o)
 .text          0x060136c0        0x0 ../../Compiler/COMMON/SGL_302j/LIB_ELF/LIBSGL.A(sglD03.o)
 .text          0x060136c0        0x0 ../../Compiler/COMMON/SGL_302j/LIB_ELF/LIBSGL.A(sglD15.o)
 .text          0x060136c0        0x0 ../../Compiler/COMMON/SGL_302j/LIB_ELF/LIBSGL.A(sglD16.o)
 .text          0x060136c0        0x0 ../../Compiler/COMMON/SGL_302j/LIB_ELF/LIBSGL.A(sglD17.o)
 .text          0x060136c0        0x0 ../../Compiler/COMMON/SGL_302j/LIB_ELF/LIBSGL.A(sglD18.o)
 .text          0x060136c0        0x0 ../../Compiler/COMMON/SGL_302j/LIB_ELF/LIBSGL.A(sglF00.o)
 .text          0x060136c0        0x0 ../../Compiler/COMMON/SGL_302j/LIB_ELF/LIBSGL.A(sglF05.o)
 .text          0x060136c0        0x0 ../../Compiler/COMMON/SGL_302j/LIB_ELF/LIBSGL.A(sglF08.o)
 .text          0x060136c0        0x0 ../../Compiler/COMMON/SGL_302j/LIB_ELF/LIBSGL.A(sglH00.o)
 .text          0x060136c0        0x0 ../../Compiler/COMMON/SGL_302j/LIB_ELF/LIBSGL.A(sglH01.o)
 .text          0x060136c0        0x0 ../../Compiler/COMMON/SGL_302j/LIB_ELF/LIBSGL.A(sglH02.o)
 .text          0x060136c0        0x0 ../../Compiler/COMMON/SGL_302j/LIB_ELF/LIBSGL.A(sglH04.o)
 .text          0x060136c0        0x0 ../../Compiler/COMMON/SGL_302j/LIB_ELF/LIBSGL.A(sglI01.o)
 .text          0x060136c0        0x0 ../../Compiler/COMMON/SGL_302j/LIB_ELF/LIBSGL.A(sglI04.o)
 .text          0x060136c0      0x128 ../../Compiler/COMMON/SGL_302j/LIB_ELF/LIBSGL.A(sglIc0.o)
                0x060136c0                slInitSystem
 *fill*         0x060137e8        0x8 
 .text          0x060137f0        0x0 ../../Compiler/COMMON/SGL_302j/LIB_ELF/LIBSGL.A(sglJ00.o)
 .text          0x060137f0        0x0 ../../Compiler/COMMON/SGL_302j/LIB_ELF/LIBSGL.A(sglJ01.o)
 .text          0x060137f0        0x0 ../../Compiler/COMMON/SGL_302j/LIB_ELF/LIBSGL.A(sglJ02.o)
 .text          0x060137f0        0x0 ../../Compiler/COMMON/SGL_302j/LIB_ELF/LIBSGL.A(sglJ03.o)
 .text          0x060137f0        0x0 ../../Compiler/COMMON/SGL_302j/LIB_ELF/LIBSGL.A(sglJ04.o)
 .text          0x060137f0        0x0 ../../Compiler/COMMON/SGL_302j/LIB_ELF/LIBSGL.A(sglJ05.o)
 .text          0x060137f0        0x0 ../../Compiler/COMMON/SGL_302j/LIB_ELF/LIBSGL.A(sglK01.o)
 .text          0x060137f0        0x0 ../../Compiler/COMMON/SGL_302j/LIB_ELF/LIBSGL.A(sglM01.o)
 .text          0x060137f0        0x0 ../../Compiler/COMMON/SGL_302j/LIB_ELF/LIBSGL.A(sglA00.o)
 .text          0x060137f0        0x0 ../../Compiler/COMMON/SGL_302j/LIB_ELF/LIBSGL.A(sglA01.o)
 .text          0x060137f0        0x0 ../../Compiler/COMMON/SGL_302j/LIB_ELF/LIBSGL.A(sglA10.o)
 .text          0x060137f0        0x0 ../../Compiler/COMMON/SGL_302j/LIB_ELF/LIBSGL.A(sglB000.o)
 .text          0x060137f0        0x0 ../../Compiler/COMMON/SGL_302j/LIB_ELF/LIBSGL.A(sglC00.o)
 .text          0x060137f0        0x0 ../../Compiler/COMMON/SGL_302j/LIB_ELF/LIBSGL.A(sglI00.o)
 .text          0x060137f0        0x0 ../../Compiler/COMMON/SGL_302j/LIB_ELF/LIBSGL.A(sglH03.o)
 .text          0x060137f0       0x52 c:/users/stuff/downloads/joengine-master/joengine-master/compiler/windows/bin/../lib/gcc/sh-elf/9.3.0\libgcc.a(_ashiftrt.o)
                0x060137f0                __ashiftrt_r4_31
                0x060137f0                __ashiftrt_r4_32
                0x060137f6                __ashiftrt_r4_30
                0x060137f8                __ashiftrt_r4_29
                0x060137fa                __ashiftrt_r4_28
                0x060137fc                __ashiftrt_r4_27
                0x060137fe                __ashiftrt_r4_26
                0x06013800                __ashiftrt_r4_25
                0x06013802                __ashiftrt_r4_24
                0x0601380a                __ashiftrt_r4_23
                0x0601380c                __ashiftrt_r4_22
                0x0601380e                __ashiftrt_r4_21
                0x06013810                __ashiftrt_r4_20
                0x06013812                __ashiftrt_r4_19
                0x06013814                __ashiftrt_r4_18
                0x06013816                __ashiftrt_r4_17
                0x06013818                __ashiftrt_r4_16
                0x0601381e                __ashiftrt_r4_15
                0x06013820                __ashiftrt_r4_14
                0x06013822                __ashiftrt_r4_13
                0x06013824                __ashiftrt_r4_12
                0x06013826                __ashiftrt_r4_11
                0x06013828                __ashiftrt_r4_10
                0x0601382a                __ashiftrt_r4_9
                0x0601382c                __ashiftrt_r4_8
                0x0601382e                __ashiftrt_r4_7
                0x06013830                __ashiftrt_r4_6
                0x06013832                __ashiftrt_r4_5
                0x06013834                __ashiftrt_r4_4
                0x06013836                __ashiftrt_r4_3
                0x06013838                __ashiftrt_r4_2
                0x0601383a                __ashiftrt_r4_1
                0x0601383e                __ashiftrt_r4_0
 *fill*         0x06013842        0x2 
 .text          0x06013844       0x80 c:/users/stuff/downloads/joengine-master/joengine-master/compiler/windows/bin/../lib/gcc/sh-elf/9.3.0\libgcc.a(_ashiftrt_n.o)
                0x06013844                __ashrsi3
 .text          0x060138c4       0xbc c:/users/stuff/downloads/joengine-master/joengine-master/compiler/windows/bin/../lib/gcc/sh-elf/9.3.0\libgcc.a(_ashiftlt.o)
                0x060138c4                __ashlsi3
                0x060138c8                __ashlsi3_r0
 .text          0x06013980       0xbc c:/users/stuff/downloads/joengine-master/joengine-master/compiler/windows/bin/../lib/gcc/sh-elf/9.3.0\libgcc.a(_lshiftrt.o)
                0x06013980                __lshrsi3
                0x06013984                __lshrsi3_r0
 .text          0x06013a3c       0x78 c:/users/stuff/downloads/joengine-master/joengine-master/compiler/windows/bin/../lib/gcc/sh-elf/9.3.0\libgcc.a(_movmem.o)
                0x06013a3c                __movmem
                0x06013a3c                __movstr
                0x06013a70                __movstrSI64
                0x06013a70                __movmemSI64
                0x06013a74                __movstrSI60
                0x06013a74                __movmemSI60
                0x06013a78                __movstrSI56
                0x06013a78                __movmemSI56
                0x06013a7c                __movstrSI52
                0x06013a7c                __movmemSI52
                0x06013a80                __movstrSI48
                0x06013a80                __movmemSI48
                0x06013a84                __movmemSI44
                0x06013a84                __movstrSI44
                0x06013a88                __movstrSI40
                0x06013a88                __movmemSI40
                0x06013a8c                __movmemSI36
                0x06013a8c                __movstrSI36
                0x06013a90                __movmemSI32
                0x06013a90                __movstrSI32
                0x06013a94                __movstrSI28
                0x06013a94                __movmemSI28
                0x06013a98                __movmemSI24
                0x06013a98                __movstrSI24
                0x06013a9c                __movstrSI20
                0x06013a9c                __movmemSI20
                0x06013aa0                __movstrSI16
                0x06013aa0                __movmemSI16
                0x06013aa4                __movstrSI12
                0x06013aa4                __movmemSI12
                0x06013aa8                __movmemSI8
                0x06013aa8                __movstrSI8
                0x06013aac                __movmemSI4
                0x06013aac                __movstrSI4
 .text          0x06013ab4       0xa0 c:/users/stuff/downloads/joengine-master/joengine-master/compiler/windows/bin/../lib/gcc/sh-elf/9.3.0\libgcc.a(_sdivsi3.o)
                0x06013ab4                __sdivsi3
 .text          0x06013b54       0x6c c:/users/stuff/downloads/joengine-master/joengine-master/compiler/windows/bin/../lib/gcc/sh-elf/9.3.0\libgcc.a(_udivsi3.o)
                0x06013b76                __udivsi3
 .text          0x06013bc0      0x21c c:/users/stuff/downloads/joengine-master/joengine-master/compiler/windows/bin/../lib/gcc/sh-elf/9.3.0\libgcc.a(_addsub_sf.o)
                0x06013d40                __addsf3
                0x06013d8c                __subsf3
 .text          0x06013ddc      0x134 c:/users/stuff/downloads/joengine-master/joengine-master/compiler/windows/bin/../lib/gcc/sh-elf/9.3.0\libgcc.a(_mul_sf.o)
                0x06013ddc                __mulsf3
 .text          0x06013f10       0xdc c:/users/stuff/downloads/joengine-master/joengine-master/compiler/windows/bin/../lib/gcc/sh-elf/9.3.0\libgcc.a(_div_sf.o)
                0x06013f10                __divsf3
 .text          0x06013fec       0x54 c:/users/stuff/downloads/joengine-master/joengine-master/compiler/windows/bin/../lib/gcc/sh-elf/9.3.0\libgcc.a(_gt_sf.o)
                0x06013fec                __gtsf2
 .text          0x06014040       0x54 c:/users/stuff/downloads/joengine-master/joengine-master/compiler/windows/bin/../lib/gcc/sh-elf/9.3.0\libgcc.a(_ge_sf.o)
                0x06014040                __gesf2
 .text          0x06014094       0x54 c:/users/stuff/downloads/joengine-master/joengine-master/compiler/windows/bin/../lib/gcc/sh-elf/9.3.0\libgcc.a(_lt_sf.o)
                0x06014094                __ltsf2
 .text          0x060140e8       0x54 c:/users/stuff/downloads/joengine-master/joengine-master/compiler/windows/bin/../lib/gcc/sh-elf/9.3.0\libgcc.a(_le_sf.o)
                0x060140e8                __lesf2
 .text          0x0601413c       0x84 c:/users/stuff/downloads/joengine-master/joengine-master/compiler/windows/bin/../lib/gcc/sh-elf/9.3.0\libgcc.a(_si_to_sf.o)
                0x0601413c                __floatsisf
 .text          0x060141c0       0x70 c:/users/stuff/downloads/joengine-master/joengine-master/compiler/windows/bin/../lib/gcc/sh-elf/9.3.0\libgcc.a(_sf_to_si.o)
                0x060141c0                __fixsfsi
 .text          0x06014230       0x3c c:/users/stuff/downloads/joengine-master/joengine-master/compiler/windows/bin/../lib/gcc/sh-elf/9.3.0\libgcc.a(_sf_to_df.o)
                0x06014230                __extendsfdf2
 .text          0x0601426c        0x0 c:/users/stuff/downloads/joengine-master/joengine-master/compiler/windows/bin/../lib/gcc/sh-elf/9.3.0\libgcc.a(_thenan_sf.o)
 .text          0x0601426c       0x94 c:/users/stuff/downloads/joengine-master/joengine-master/compiler/windows/bin/../lib/gcc/sh-elf/9.3.0\libgcc.a(_usi_to_sf.o)
                0x0601426c                __floatunsisf
 .text          0x06014300      0x3e0 c:/users/stuff/downloads/joengine-master/joengine-master/compiler/windows/bin/../lib/gcc/sh-elf/9.3.0\libgcc.a(_addsub_df.o)
                0x0601463c                __adddf3
                0x0601468c                __subdf3
 .text          0x060146e0      0x208 c:/users/stuff/downloads/joengine-master/joengine-master/compiler/windows/bin/../lib/gcc/sh-elf/9.3.0\libgcc.a(_mul_df.o)
                0x060146e0                __muldf3
 .text          0x060148e8       0xa8 c:/users/stuff/downloads/joengine-master/joengine-master/compiler/windows/bin/../lib/gcc/sh-elf/9.3.0\libgcc.a(_si_to_df.o)
                0x060148e8                __floatsidf
 .text          0x06014990       0xa0 c:/users/stuff/downloads/joengine-master/joengine-master/compiler/windows/bin/../lib/gcc/sh-elf/9.3.0\libgcc.a(_df_to_si.o)
                0x06014990                __fixdfsi
 .text          0x06014a30       0x28 c:/users/stuff/downloads/joengine-master/joengine-master/compiler/windows/bin/../lib/gcc/sh-elf/9.3.0\libgcc.a(_make_df.o)
                0x06014a30                __make_dp
 .text          0x06014a58       0x4c c:/users/stuff/downloads/joengine-master/joengine-master/compiler/windows/bin/../lib/gcc/sh-elf/9.3.0\libgcc.a(_df_to_sf.o)
                0x06014a58                __truncdfsf2
 .text          0x06014aa4        0x0 c:/users/stuff/downloads/joengine-master/joengine-master/compiler/windows/bin/../lib/gcc/sh-elf/9.3.0\libgcc.a(_thenan_df.o)
 .text          0x06014aa4       0x54 c:/users/stuff/downloads/joengine-master/joengine-master/compiler/windows/bin/../lib/gcc/sh-elf/9.3.0\libgcc.a(_clzsi2.o)
                0x06014aa4                __clzsi2
 .text          0x06014af8      0x11c c:/users/stuff/downloads/joengine-master/joengine-master/compiler/windows/bin/../lib/gcc/sh-elf/9.3.0\libgcc.a(_pack_sf.o)
                0x06014af8                __pack_f
 .text          0x06014c14       0xa0 c:/users/stuff/downloads/joengine-master/joengine-master/compiler/windows/bin/../lib/gcc/sh-elf/9.3.0\libgcc.a(_unpack_sf.o)
                0x06014c14                __unpack_f
 .text          0x06014cb4       0xac c:/users/stuff/downloads/joengine-master/joengine-master/compiler/windows/bin/../lib/gcc/sh-elf/9.3.0\libgcc.a(_fpcmp_parts_sf.o)
                0x06014cb4                __fpcmp_parts_f
 .text          0x06014d60       0x20 c:/users/stuff/downloads/joengine-master/joengine-master/compiler/windows/bin/../lib/gcc/sh-elf/9.3.0\libgcc.a(_make_sf.o)
                0x06014d60                __make_fp
 .text          0x06014d80      0x274 c:/users/stuff/downloads/joengine-master/joengine-master/compiler/windows/bin/../lib/gcc/sh-elf/9.3.0\libgcc.a(_pack_df.o)
                0x06014d80                __pack_d
 .text          0x06014ff4       0xcc c:/users/stuff/downloads/joengine-master/joengine-master/compiler/windows/bin/../lib/gcc/sh-elf/9.3.0\libgcc.a(_unpack_df.o)
                0x06014ff4                __unpack_d
 .text          0x060150c0        0x0 c:/users/stuff/downloads/joengine-master/joengine-master/compiler/windows/bin/../lib/gcc/sh-elf/9.3.0\libgcc.a(_clz.o)
 .text          0x060150c0       0x1e c:/users/stuff/downloads/joengine-master/joengine-master/compiler/windows/bin/../lib/gcc/sh-elf/9.3.0/../../../../sh-elf/lib\libc.a(lib_a-memcmp.o)
                0x060150c0                memcmp
 *fill*         0x060150de        0x2 
 .text          0x060150e0       0x94 c:/users/stuff/downloads/joengine-master/joengine-master/compiler/windows/bin/../lib/gcc/sh-elf/9.3.0/../../../../sh-elf/lib\libc.a(lib_a-memcpy.o)
                0x060150e0                memcpy
 .text          0x06015174       0x40 c:/users/stuff/downloads/joengine-master/joengine-master/compiler/windows/bin/../lib/gcc/sh-elf/9.3.0/../../../../sh-elf/lib\libc.a(lib_a-memset.o)
                0x06015174                memset
 .text          0x060151b4       0x8c c:/users/stuff/downloads/joengine-master/joengine-master/compiler/windows/bin/../lib/gcc/sh-elf/9.3.0/../../../../sh-elf/lib\libc.a(lib_a-sprintf.o)
                0x060151b4                _siprintf_r
                0x060151b4                _sprintf_r
                0x060151f4                siprintf
                0x060151f4                sprintf
 .text          0x06015240       0x2a c:/users/stuff/downloads/joengine-master/joengine-master/compiler/windows/bin/../lib/gcc/sh-elf/9.3.0/../../../../sh-elf/lib\libc.a(lib_a-strncmp.o)
                0x06015240                strncmp
 .text          0x0601526a       0x36 c:/users/stuff/downloads/joengine-master/joengine-master/compiler/windows/bin/../lib/gcc/sh-elf/9.3.0/../../../../sh-elf/lib\libc.a(lib_a-strncpy.o)
                0x0601526a                strncpy
 .text          0x060152a0        0x0 c:/users/stuff/downloads/joengine-master/joengine-master/compiler/windows/bin/../lib/gcc/sh-elf/9.3.0/../../../../sh-elf/lib\libc.a(lib_a-impure.o)
 .text          0x060152a0      0x444 c:/users/stuff/downloads/joengine-master/joengine-master/compiler/windows/bin/../lib/gcc/sh-elf/9.3.0/../../../../sh-elf/lib\libc.a(lib_a-nano-svfprintf.o)
                0x060152a0                __ssputs_r
                0x06015394                __ssprint_r
                0x060154c8                _svfprintf_r
                0x060154c8                _svfiprintf_r
 .text          0x060156e4      0x380 c:/users/stuff/downloads/joengine-master/joengine-master/compiler/windows/bin/../lib/gcc/sh-elf/9.3.0/../../../../sh-elf/lib\libc.a(lib_a-nano-vfprintf_i.o)
                0x060156e4                _printf_common
                0x060157e4                _printf_i
 .text          0x06015a64       0x1c c:/users/stuff/downloads/joengine-master/joengine-master/compiler/windows/bin/../lib/gcc/sh-elf/9.3.0/../../../../sh-elf/lib\libc.a(lib_a-memchr.o)
                0x06015a64                memchr
 .text          0x06015a80       0x3c c:/users/stuff/downloads/joengine-master/joengine-master/compiler/windows/bin/../lib/gcc/sh-elf/9.3.0/../../../../sh-elf/lib\libc.a(lib_a-memmove.o)
                0x06015a80                memmove
 .text          0x06015abc       0xd0 c:/users/stuff/downloads/joengine-master/joengine-master/compiler/windows/bin/../lib/gcc/sh-elf/9.3.0/../../../../sh-elf/lib\libc.a(lib_a-nano-freer.o)
                0x06015abc                _free_r
 .text          0x06015b8c       0xf8 c:/users/stuff/downloads/joengine-master/joengine-master/compiler/windows/bin/../lib/gcc/sh-elf/9.3.0/../../../../sh-elf/lib\libc.a(lib_a-nano-mallocr.o)
                0x06015b8c                _malloc_r
 .text          0x06015c84       0x7c c:/users/stuff/downloads/joengine-master/joengine-master/compiler/windows/bin/../lib/gcc/sh-elf/9.3.0/../../../../sh-elf/lib\libc.a(lib_a-nano-reallocr.o)
                0x06015c84                _realloc_r
 .text          0x06015d00       0x30 c:/users/stuff/downloads/joengine-master/joengine-master/compiler/windows/bin/../lib/gcc/sh-elf/9.3.0/../../../../sh-elf/lib\libc.a(lib_a-sbrkr.o)
                0x06015d00                _sbrk_r
 .text          0x06015d30      0x25c c:/users/stuff/downloads/joengine-master/joengine-master/compiler/windows/bin/../lib/gcc/sh-elf/9.3.0/../../../../sh-elf/lib\libc.a(lib_a-syscalls.o)
                0x06015da8                _read
                0x06015db8                _lseek
                0x06015dc8                _write
                0x06015dd8                _close
                0x06015de8                _link
                0x06015dec                _sbrk
                0x06015e44                _fstat
                0x06015e4e                _open
                0x06015e60                _creat
                0x06015e70                _unlink
                0x06015e74                isatty
                0x06015e78                _isatty
                0x06015e7c                _exit
                0x06015e8c                _kill
                0x06015ea0                _getpid
                0x06015ea4                _raise
                0x06015ea8                _stat
                0x06015eb8                _chmod
                0x06015ec8                _chown
                0x06015ed8                _utime
                0x06015eec                _fork
                0x06015ef8                _wait
                0x06015f08                _execve
                0x06015f18                _execv
                0x06015f28                _pipe
                0x06015f34                _times
                0x06015f38                _gettimeofday
                0x06015f60                __setup_argv_and_call_main
 .text          0x06015f8c       0x14 c:/users/stuff/downloads/joengine-master/joengine-master/compiler/windows/bin/../lib/gcc/sh-elf/9.3.0/../../../../sh-elf/lib\libc.a(lib_a-trap.o)
                0x06015f8c                __trap34
 .text          0x06015fa0       0x18 c:/users/stuff/downloads/joengine-master/joengine-master/compiler/windows/bin/../lib/gcc/sh-elf/9.3.0/../../../../sh-elf/lib\libc.a(lib_a-abort.o)
                0x06015fa0                abort
 .text          0x06015fb8        0x8 c:/users/stuff/downloads/joengine-master/joengine-master/compiler/windows/bin/../lib/gcc/sh-elf/9.3.0/../../../../sh-elf/lib\libc.a(lib_a-mlock.o)
                0x06015fb8                __malloc_lock
                0x06015fbc                __malloc_unlock
 .text          0x06015fc0       0x16 c:/users/stuff/downloads/joengine-master/joengine-master/compiler/windows/bin/../lib/gcc/sh-elf/9.3.0/../../../../sh-elf/lib\libc.a(lib_a-nano-msizer.o)
                0x06015fc0                _malloc_usable_size_r
 *fill*         0x06015fd6        0x2 
 .text          0x06015fd8      0x1b4 c:/users/stuff/downloads/joengine-master/joengine-master/compiler/windows/bin/../lib/gcc/sh-elf/9.3.0/../../../../sh-elf/lib\libc.a(lib_a-signal.o)
                0x06015fd8                _init_signal_r
                0x06016018                _signal_r
                0x06016064                _raise_r
                0x060160dc                __sigtramp_r
                0x06016140                raise
                0x06016154                signal
                0x06016168                _init_signal
                0x06016178                __sigtramp
 .text          0x0601618c       0x40 c:/users/stuff/downloads/joengine-master/joengine-master/compiler/windows/bin/../lib/gcc/sh-elf/9.3.0/../../../../sh-elf/lib\libc.a(lib_a-signalr.o)
                0x0601618c                _kill_r
                0x060161c0                _getpid_r
 *(.strings)
 *(SEGA_P)
 *(.eh_frame_hdr)
 *(.eh_frame)
                0x060161cc                __etext = .

.text.startup   0x060161d0       0x40
 .text.startup  0x060161d0       0x40 ../../jo_engine/core.o
                0x060161d0                main

SLPROG          0x06016220    0x12340
                0x06016220                __slprog_start = .
 *(SLPROG)
 SLPROG         0x06016220     0x6540 ../../Compiler/COMMON/SGL_302j/LIB_ELF/SGLAREA.O
                0x06016220                MasterStack
                0x06016224                SlaveStack
                0x06016228                MaxVertices
                0x0601622a                MaxPolygons
                0x0601622c                SortList
                0x06016230                SortListSize
                0x06016234                TransList
                0x06016238                Zbuffer
                0x0601623c                SpriteBuf
                0x06016240                SpriteBufSize
                0x06016244                Pbuffer
                0x06016248                CommandBuf
                0x0601624c                CLOfstBuf
                0x06016250                PCM_Work
                0x06016254                PCM_WkSize
                0x06016258                MaxEvents
                0x0601625a                EventSize
                0x0601625c                MaxWorks
                0x0601625e                WorkSize
                0x06016260                RemainEvent
                0x06016360                RemainWork
                0x06016760                EventBuf
                0x06018760                WorkBuf
 SLPROG         0x0601c760       0x18 ../../Compiler/COMMON/SGL_302j/LIB_ELF/LIBSGL.A(sglA15.o)
                0x0601c760                slSlaveFunc
 *fill*         0x0601c778        0x8 
 SLPROG         0x0601c780       0xd0 ../../Compiler/COMMON/SGL_302j/LIB_ELF/LIBSGL.A(sglA16.o)
                0x0601c780                slLookAt
 SLPROG         0x0601c850       0x78 ../../Compiler/COMMON/SGL_302j/LIB_ELF/LIBSGL.A(sglA17.o)
                0x0601c850                slRotZ
                0x0601c85a                slRotZSC
 *fill*         0x0601c8c8        0x8 
 SLPROG         0x0601c8d0       0x78 ../../Compiler/COMMON/SGL_302j/LIB_ELF/LIBSGL.A(sglA18.o)
                0x0601c8d0                slRotY
                0x0601c8da                slRotYSC
 *fill*         0x0601c948        0x8 
 SLPROG         0x0601c950       0x78 ../../Compiler/COMMON/SGL_302j/LIB_ELF/LIBSGL.A(sglA19.o)
                0x0601c950                slRotX
                0x0601c95a                slRotXSC
 *fill*         0x0601c9c8        0x8 
 SLPROG         0x0601c9d0      0x42c ../../Compiler/COMMON/SGL_302j/LIB_ELF/LIBSGL.A(sglA20.o)
                0x0601c9d0                slInitMatrix
                0x0601c9da                slPushUnitMatrix
                0x0601c9ee                slUnitMatrix
 *fill*         0x0601cdfc        0x4 
 SLPROG         0x0601ce00       0x48 ../../Compiler/COMMON/SGL_302j/LIB_ELF/LIBSGL.A(sglA21.o)
                0x0601ce00                slPushMatrix
                0x0601ce34                slDecMatrixPtr
                0x0601ce34                slPopMatrix
 *fill*         0x0601ce48        0x8 
 SLPROG         0x0601ce50       0x1e ../../Compiler/COMMON/SGL_302j/LIB_ELF/LIBSGL.A(sglA23.o)
                0x0601ce50                slGetMatrix
 *fill*         0x0601ce6e        0x2 
 SLPROG         0x0601ce70       0x50 ../../Compiler/COMMON/SGL_302j/LIB_ELF/LIBSGL.A(sglA27.o)
                0x0601ce70                slTranslate
 SLPROG         0x0601cec0       0x20 ../../Compiler/COMMON/SGL_302j/LIB_ELF/LIBSGL.A(sglB001.o)
                0x0601cec0                slTVOn
                0x0601ceca                slTVOff
 SLPROG         0x0601cee0       0x24 ../../Compiler/COMMON/SGL_302j/LIB_ELF/LIBSGL.A(sglB011.o)
                0x0601cee0                slBitMapNbg1
 *fill*         0x0601cf04        0xc 
 SLPROG         0x0601cf10        0x8 ../../Compiler/COMMON/SGL_302j/LIB_ELF/LIBSGL.A(sglB014.o)
                0x0601cf10                slScrTransparent
 *fill*         0x0601cf18        0x8 
 SLPROG         0x0601cf20      0x40c ../../Compiler/COMMON/SGL_302j/LIB_ELF/LIBSGL.A(sglB015.o)
                0x0601cf20                slScrAutoDisp
 *fill*         0x0601d32c        0x4 
 SLPROG         0x0601d330        0xc ../../Compiler/COMMON/SGL_302j/LIB_ELF/LIBSGL.A(sglB016.o)
                0x0601d330                slBack1ColSet
 *fill*         0x0601d33c        0x4 
 SLPROG         0x0601d340       0x10 ../../Compiler/COMMON/SGL_302j/LIB_ELF/LIBSGL.A(sglB020.o)
                0x0601d340                slColorCalc
 SLPROG         0x0601d350        0xc ../../Compiler/COMMON/SGL_302j/LIB_ELF/LIBSGL.A(sglB021.o)
                0x0601d350                slColorCalcOn
 *fill*         0x0601d35c        0x4 
 SLPROG         0x0601d360        0xc ../../Compiler/COMMON/SGL_302j/LIB_ELF/LIBSGL.A(sglB023.o)
                0x0601d360                slColRate
 *fill*         0x0601d36c        0x4 
 SLPROG         0x0601d370       0xb4 ../../Compiler/COMMON/SGL_302j/LIB_ELF/LIBSGL.A(sglB032.o)
                0x0601d370                slMapNbg1
 *fill*         0x0601d424        0xc 
 SLPROG         0x0601d430       0xd4 ../../Compiler/COMMON/SGL_302j/LIB_ELF/LIBSGL.A(sglB035.o)
                0x0601d430                sl1MapRA
                0x0601d4c2                rbank_set
 *fill*         0x0601d504        0xc 
 SLPROG         0x0601d510       0xa0 ../../Compiler/COMMON/SGL_302j/LIB_ELF/LIBSGL.A(sglB036.o)
                0x0601d510                sl1MapRB
 SLPROG         0x0601d5b0       0x70 ../../Compiler/COMMON/SGL_302j/LIB_ELF/LIBSGL.A(sglB038.o)
                0x0601d5b0                slRparaInitSet
 SLPROG         0x0601d620       0x7e ../../Compiler/COMMON/SGL_302j/LIB_ELF/LIBSGL.A(sglB039.o)
                0x0601d620                slMakeKtable
 *fill*         0x0601d69e        0x2 
 SLPROG         0x0601d6a0       0x58 ../../Compiler/COMMON/SGL_302j/LIB_ELF/LIBSGL.A(sglB040.o)
                0x0601d6a0                slKtableRA
 *fill*         0x0601d6f8        0x8 
 SLPROG         0x0601d700       0x5c ../../Compiler/COMMON/SGL_302j/LIB_ELF/LIBSGL.A(sglB041.o)
                0x0601d700                slKtableRB
 *fill*         0x0601d75c        0x4 
 SLPROG         0x0601d760        0x8 ../../Compiler/COMMON/SGL_302j/LIB_ELF/LIBSGL.A(sglB043.o)
                0x0601d760                slRparaMode
 *fill*         0x0601d768        0x8 
 SLPROG         0x0601d770        0xc ../../Compiler/COMMON/SGL_302j/LIB_ELF/LIBSGL.A(sglB047.o)
                0x0601d770                slOverRA
 *fill*         0x0601d77c        0x4 
 SLPROG         0x0601d780       0x10 ../../Compiler/COMMON/SGL_302j/LIB_ELF/LIBSGL.A(sglB048.o)
                0x0601d780                slOverRB
 SLPROG         0x0601d790        0xc ../../Compiler/COMMON/SGL_302j/LIB_ELF/LIBSGL.A(sglB056.o)
                0x0601d790                slPlaneNbg1
 *fill*         0x0601d79c        0x4 
 SLPROG         0x0601d7a0        0xc ../../Compiler/COMMON/SGL_302j/LIB_ELF/LIBSGL.A(sglB059.o)
                0x0601d7a0                slPlaneRA
 *fill*         0x0601d7ac        0x4 
 SLPROG         0x0601d7b0       0x10 ../../Compiler/COMMON/SGL_302j/LIB_ELF/LIBSGL.A(sglB060.o)
                0x0601d7b0                slPlaneRB
 SLPROG         0x0601d7c0        0xc ../../Compiler/COMMON/SGL_302j/LIB_ELF/LIBSGL.A(sglB063.o)
                0x0601d7c0                slPriority
 *fill*         0x0601d7cc        0x4 
 SLPROG         0x0601d7d0       0x18 ../../Compiler/COMMON/SGL_302j/LIB_ELF/LIBSGL.A(sglB087.o)
                0x0601d7d0                slLineScrollTable0
 *fill*         0x0601d7e8        0x8 
 SLPROG         0x0601d7f0        0x8 ../../Compiler/COMMON/SGL_302j/LIB_ELF/LIBSGL.A(sglB088.o)
                0x0601d7f0                slLineScrollTable1
 *fill*         0x0601d7f8        0x8 
 SLPROG         0x0601d800        0xc ../../Compiler/COMMON/SGL_302j/LIB_ELF/LIBSGL.A(sglB090.o)
                0x0601d800                slLineScrollMode
 *fill*         0x0601d80c        0x4 
 SLPROG         0x0601d810      0x114 ../../Compiler/COMMON/SGL_302j/LIB_ELF/LIBSGL.A(sglB200.o)
                0x0601d810                slCharRbg0
                0x0601d81c                slCharNbg0
                0x0601d828                slCharNbg1
                0x0601d834                slCharNbg2
                0x0601d84a                slCharNbg3
                0x0601d862                slPageRbg0
                0x0601d878                slPageNbg1
                0x0601d880                slPageNbg2
                0x0601d888                slPageNbg3
                0x0601d894                slPageNbg0
 *fill*         0x0601d924        0xc 
 SLPROG         0x0601d930       0x2c ../../Compiler/COMMON/SGL_302j/LIB_ELF/LIBSGL.A(sglC04.o)
                0x0601d930                slZdspLevel
 *fill*         0x0601d95c        0x4 
 SLPROG         0x0601d960       0x78 ../../Compiler/COMMON/SGL_302j/LIB_ELF/LIBSGL.A(sglC05.o)
                0x0601d960                slSetSprite
 *fill*         0x0601d9d8        0x8 
 SLPROG         0x0601d9e0       0xfa ../../Compiler/COMMON/SGL_302j/LIB_ELF/LIBSGL.A(sglC06.o)
                0x0601d9e0                slDispSprite
 *fill*         0x0601dada        0x6 
 SLPROG         0x0601dae0      0x162 ../../Compiler/COMMON/SGL_302j/LIB_ELF/LIBSGL.A(sglC07.o)
                0x0601dae6                slPutSprite
 *fill*         0x0601dc42        0xe 
 SLPROG         0x0601dc50     0x1218 ../../Compiler/COMMON/SGL_302j/LIB_ELF/LIBSGL.A(sglC08.o)
                0x0601dc50                slPutPolygon
                0x0601e8cc                MsCalcDepthFlat
 *fill*         0x0601ee68        0x8 
 SLPROG         0x0601ee70       0x4c ../../Compiler/COMMON/SGL_302j/LIB_ELF/LIBSGL.A(sglC17.o)
                0x0601ee70                slDispSpriteHV
 *fill*         0x0601eebc        0x4 
 SLPROG         0x0601eec0       0xd4 ../../Compiler/COMMON/SGL_302j/LIB_ELF/LIBSGL.A(sglC19.o)
                0x0601eec0                slDispSprite4P
 *fill*         0x0601ef94        0xc 
 SLPROG         0x0601efa0       0x40 ../../Compiler/COMMON/SGL_302j/LIB_ELF/LIBSGL.A(sglC20.o)
                0x0601efa0                SpriteEntry
 SLPROG         0x0601efe0      0x4ae ../../Compiler/COMMON/SGL_302j/LIB_ELF/LIBSGL.A(sglC21.o)
                0x0601f068                RotSprite
                0x0601f0f6                SetSprPosition
 *fill*         0x0601f48e        0x2 
 SLPROG         0x0601f490       0x84 ../../Compiler/COMMON/SGL_302j/LIB_ELF/LIBSGL.A(sglD00.o)
                0x0601f490                slCpuDMACopy
                0x0601f490                slDMACopy
                0x0601f4ea                CSH_AllClr
                0x0601f4ea                slCashPurge
 *fill*         0x0601f514        0xc 
 SLPROG         0x0601f520       0xa0 ../../Compiler/COMMON/SGL_302j/LIB_ELF/LIBSGL.A(sglD01.o)
                0x0601f520                slDMAXCopy
 SLPROG         0x0601f5c0        0xc ../../Compiler/COMMON/SGL_302j/LIB_ELF/LIBSGL.A(sglD03.o)
                0x0601f5c0                slDMAStatus
 *fill*         0x0601f5cc        0x4 
 SLPROG         0x0601f5d0       0x20 ../../Compiler/COMMON/SGL_302j/LIB_ELF/LIBSGL.A(sglD15.o)
                0x0601f5d0                CSH_Purge
 SLPROG         0x0601f5f0       0x84 ../../Compiler/COMMON/SGL_302j/LIB_ELF/LIBSGL.A(sglD16.o)
                0x0601f5f0                DMA_ScuSetPrm
                0x0601f638                DMA_SCU_PRM0
 *fill*         0x0601f674        0xc 
 SLPROG         0x0601f680       0x88 ../../Compiler/COMMON/SGL_302j/LIB_ELF/LIBSGL.A(sglD17.o)
                0x0601f680                DMA_ScuStart
 *fill*         0x0601f708        0x8 
 SLPROG         0x0601f710       0x34 ../../Compiler/COMMON/SGL_302j/LIB_ELF/LIBSGL.A(sglD18.o)
                0x0601f710                DMA_ScuGetStatus
 *fill*         0x0601f744        0xc 
 SLPROG         0x0601f750       0x4e ../../Compiler/COMMON/SGL_302j/LIB_ELF/LIBSGL.A(sglF00.o)
                0x0601f750                slCurScrn
                0x0601f760                slCurColor
                0x0601f76a                slLocate
                0x0601f79c                CurrentScreen
 *fill*         0x0601f79e        0x2 
 SLPROG         0x0601f7a0       0x1c ../../Compiler/COMMON/SGL_302j/LIB_ELF/LIBSGL.A(sglF05.o)
                0x0601f7a0                slPrint
 *fill*         0x0601f7bc        0x4 
 SLPROG         0x0601f7c0       0x34 ../../Compiler/COMMON/SGL_302j/LIB_ELF/LIBSGL.A(sglF08.o)
                0x0601f7c0                slDec2Hex
 *fill*         0x0601f7f4        0xc 
 SLPROG         0x0601f800      0xfc8 ../../Compiler/COMMON/SGL_302j/LIB_ELF/LIBSGL.A(sglH00.o)
                0x0601f818                slGetPortDir1
                0x0601f820                slGetPortDir2
                0x0601f828                slSetPortDir1
                0x0601f852                slSetPortDir2
                0x0601f88c                slGetPortData1
                0x0601f894                slGetPortData2
                0x0601f89c                slSetPortData1
                0x0601f8a6                slSetPortData2
                0x0601f8b8                slGetPortSelect1
                0x0601f8c2                slGetPortSelect2
                0x0601f8cc                slSetPortSelect1
                0x0601f900                slSetPortSelect2
                0x0601f93c                slGetPortExt1
                0x0601f946                slGetPortExt2
                0x0601f950                slSetPortExt1
                0x0601f980                slSetPortExt2
                0x0601faf4                slSmpcDirectAccess
                0x0601fb74                slInitPeripheral
                0x0601fc06                slSetResultBuffer
                0x0601fc92                slCheckIntBackSet
                0x0601fc9e                slIntBackCancel
                0x0601fcc8                slCheckReset
                0x0601fcd2                slClearReset
                0x0601fe98                slSmpcCashSend
                0x0601ff54                slSmpcCashBlow
                0x06020030                slGetOptimize
                0x0602003a                slSetOptimize
                0x06020060                slGetPortMode1
                0x0602006c                slGetPortMode2
                0x0602007a                slSetPortMode1
                0x060200b8                slSetPortMode2
                0x06020244                slRequestCommand
                0x060202b4                Smpc_Status
                0x060202b8                Smpc_Result
                0x060202bc                Smpc_Peripheral
                0x060202c2                Per_Connect1
                0x060202c3                Per_Connect2
                0x060202e4                SmpcStatusBuf
 *fill*         0x060207c8        0x8 
 SLPROG         0x060207d0       0xa8 ../../Compiler/COMMON/SGL_302j/LIB_ELF/LIBSGL.A(sglH01.o)
                0x060207d0                slGetLanguage
                0x060207da                slSetLanguage
                0x060207fc                slGetSoundEffect
                0x06020808                slSetSoundEffect
                0x06020824                slGetSoundOutput
                0x06020830                slSetSoundOutput
                0x0602084c                slGetHelpWindow
                0x06020858                slSetHelpWindow
 *fill*         0x06020878        0x8 
 SLPROG         0x06020880      0x470 ../../Compiler/COMMON/SGL_302j/LIB_ELF/LIBSGL.A(sglH02.o)
                0x06020c70                smpc_pfr_tbl
                0x06020cb0                smpc_ptf_tbl
 SLPROG         0x06020cf0       0x60 ../../Compiler/COMMON/SGL_302j/LIB_ELF/LIBSGL.A(sglH04.o)
                0x06020cf0                slComPrmIntBack
                0x06020d04                slComPrmSetMemory
                0x06020d1a                slComPrmSetTime
 SLPROG         0x06020d50      0x3a4 ../../Compiler/COMMON/SGL_302j/LIB_ELF/LIBSGL.A(sglI01.o)
                0x06020d50                slInitSynch
                0x06020d6a                slSynch
                0x06020e60                slRandom
                0x06020e7e                PCM_EndCheck
                0x06020f3a                RetPCMBuf
                0x06020fd4                PCM_Buf
                0x06021074                Sound_Buf
 *fill*         0x060210f4        0xc 
 SLPROG         0x06021100       0x10 ../../Compiler/COMMON/SGL_302j/LIB_ELF/LIBSGL.A(sglI04.o)
                0x06021100                slIntFunction
 SLPROG         0x06021110       0x74 ../../Compiler/COMMON/SGL_302j/LIB_ELF/LIBSGL.A(sglJ00.o)
                0x06021110                InitSlaveSH
                0x06021178                SlaveCommand
 *fill*         0x06021184        0xc 
 SLPROG         0x06021190      0x3d0 ../../Compiler/COMMON/SGL_302j/LIB_ELF/LIBSGL.A(sglJ01.o)
                0x06021190                SlaveControl
                0x0602154c                ErasePolygonData
 SLPROG         0x06021560     0x12b8 ../../Compiler/COMMON/SGL_302j/LIB_ELF/LIBSGL.A(sglJ02.o)
                0x06021560                sbMakePolygon
                0x06021748                sbCalcPolygon
                0x06022480                SetTexture
                0x0602248c                SetPolygon
                0x06022494                SetPosition
                0x060224cc                stvtc_4
                0x06022584                stvtc_3
                0x06022794                stvtc_1
                0x060227a8                stvtc_2
                0x060227bc                stvtc_0
 *fill*         0x06022818        0x8 
 SLPROG         0x06022820      0x140 ../../Compiler/COMMON/SGL_302j/LIB_ELF/LIBSGL.A(sglJ03.o)
                0x06022820                sbMakeDMATable
 SLPROG         0x06022960      0x470 ../../Compiler/COMMON/SGL_302j/LIB_ELF/LIBSGL.A(sglJ04.o)
                0x060229be                sbMakeSprite
                0x06022a24                sbMakeRotSprite
 SLPROG         0x06022dd0       0x3c ../../Compiler/COMMON/SGL_302j/LIB_ELF/LIBSGL.A(sglJ05.o)
                0x06022dd0                sbSortEntry
 *fill*         0x06022e0c        0x4 
 SLPROG         0x06022e10       0x6a ../../Compiler/COMMON/SGL_302j/LIB_ELF/LIBSGL.A(sglM01.o)
                0x06022e10                slSetDepthLimit
                0x06022e3c                slSetDepthTbl
                0x06022e6c                DepthWorkArea
 *fill*         0x06022e7a        0x6 
 SLPROG         0x06022e80       0x20 ../../Compiler/COMMON/SGL_302j/LIB_ELF/LIBSGL.A(sglA00.o)
                0x06022e80                set_imask
                0x06022e80                _builtin_set_imask
                0x06022e94                _builtin_get_imask
                0x06022e94                get_imask
 SLPROG         0x06022ea0     0x411e ../../Compiler/COMMON/SGL_302j/LIB_ELF/LIBSGL.A(sglA01.o)
                0x06022ea0                slSin
                0x06022ec4                slCos
                0x06022ee8                GetSinCos
                0x06022f7c                sin_cos_index_tbl
                0x06022fbc                sin_tbl
 *fill*         0x06026fbe        0x2 
 SLPROG         0x06026fc0       0x34 ../../Compiler/COMMON/SGL_302j/LIB_ELF/LIBSGL.A(sglA10.o)
                0x06026fc0                slSquartDbl
 *fill*         0x06026ff4        0xc 
 SLPROG         0x06027000      0xbd0 ../../Compiler/COMMON/SGL_302j/LIB_ELF/LIBSGL.A(sglB000.o)
                0x06027000                slInitScroll
                0x06027120                setASC_1to8
                0x06027150                setASC_4to8
                0x06027260                TVSizeTbl
                0x060272e0                TVModeTbl
                0x060274b8                SGL_ASCII_CG
 SLPROG         0x06027bd0      0x134 ../../Compiler/COMMON/SGL_302j/LIB_ELF/LIBSGL.A(sglC00.o)
                0x06027bd0                slInitSprite
 *fill*         0x06027d04        0xc 
 SLPROG         0x06027d10      0x75c ../../Compiler/COMMON/SGL_302j/LIB_ELF/LIBSGL.A(sglI00.o)
                0x06028000                slInitInterrupt
 *fill*         0x0602846c        0x4 
 SLPROG         0x06028470       0xf0 ../../Compiler/COMMON/SGL_302j/LIB_ELF/LIBSGL.A(sglH03.o)
                0x060284d4                slSmpcIntBack
                0x06028560                __slprog_end = .

.tors           0x06028560        0x0
                0x06028560                ___ctors = .
 *(.ctors)
                0x06028560                ___ctors_end = .
                0x06028560                ___dtors = .
 *(.dtors)
                0x06028560                ___dtors_end = .

.data           0x06028560      0x510
 *(.data)
 .data          0x06028560        0x0 ../../Compiler/COMMON/SGL_302j/LIB_ELF/SGLAREA.O
 .data          0x06028560        0x0 main.o
 .data          0x06028560        0x0 ../../jo_engine/tga.o
 .data          0x06028560       0x28 ../../jo_engine/3d.o
 .data          0x06028588        0x4 ../../jo_engine/fs.o
 .data          0x0602858c        0x0 ../../jo_engine/slave.o
 .data          0x0602858c        0x0 ../../jo_engine/font.o
 .data          0x0602858c        0x0 ../../jo_engine/input.o
 .data          0x0602858c        0x0 ../../jo_engine/physics.o
 .data          0x0602858c        0x0 ../../jo_engine/core.o
 .data          0x0602858c        0x4 ../../jo_engine/math.o
                0x0602858c                jo_random_seed
 .data          0x06028590        0x0 ../../jo_engine/malloc.o
 .data          0x06028590        0x0 ../../jo_engine/tools.o
 .data          0x06028590        0x0 ../../jo_engine/palette.o
 .data          0x06028590       0x2c ../../jo_engine/sprites.o
                0x06028594                __jo_gouraud_shading_runtime_index
                0x06028598                __jo_sprite_pos
                0x060285a4                __jo_sprite_attributes
 .data          0x060285bc        0x0 ../../jo_engine/map.o
 .data          0x060285bc        0x0 ../../jo_engine/list.o
 .data          0x060285bc        0x4 ../../jo_engine/sprite_animator.o
 .data          0x060285c0        0x0 ../../jo_engine/image.o
 .data          0x060285c0        0x0 ../../jo_engine/vdp2.o
 .data          0x060285c0        0x0 ../../jo_engine/time.o
 .data          0x060285c0        0x0 ../../jo_engine/vdp1_command_pipeline.o
 .data          0x060285c0       0x10 ../../jo_engine/vdp2_malloc.o
 .data          0x060285d0        0x0 ../../Compiler/COMMON/SGL_302j/LIB_ELF/SEGA_SYS.A(sys_exit.o)
 .data          0x060285d0        0x0 ../../Compiler/COMMON/SGL_302j/LIB_ELF/SEGA_SYS.A(sys_sub.o)
 .data          0x060285d0        0x0 ../../Compiler/COMMON/SGL_302j/LIB_ELF/LIBCD.A(CDC_CMN.O)
 .data          0x060285d0        0x0 ../../Compiler/COMMON/SGL_302j/LIB_ELF/LIBCD.A(CDC_CFS.O)
 .data          0x060285d0        0x0 ../../Compiler/COMMON/SGL_302j/LIB_ELF/LIBCD.A(CDC_REG.O)
 .data          0x060285d0        0x0 ../../Compiler/COMMON/SGL_302j/LIB_ELF/LIBCD.A(CDC_SUB.O)
 .data          0x060285d0        0x0 ../../Compiler/COMMON/SGL_302j/LIB_ELF/LIBCD.A(GFS.O)
 .data          0x060285d0        0x0 ../../Compiler/COMMON/SGL_302j/LIB_ELF/LIBCD.A(GFS_BUF.O)
 .data          0x060285d0        0x0 ../../Compiler/COMMON/SGL_302j/LIB_ELF/LIBCD.A(GFS_CDB.O)
 .data          0x060285d0        0x0 ../../Compiler/COMMON/SGL_302j/LIB_ELF/LIBCD.A(GFS_CDC.O)
 .data          0x060285d0        0x0 ../../Compiler/COMMON/SGL_302j/LIB_ELF/LIBCD.A(GFS_CDF.O)
 .data          0x060285d0        0x0 ../../Compiler/COMMON/SGL_302j/LIB_ELF/LIBCD.A(GFS_DIR.O)
 .data          0x060285d0        0x0 ../../Compiler/COMMON/SGL_302j/LIB_ELF/LIBCD.A(GFS_TRN.O)
 .data          0x060285d0        0x0 ../../Compiler/COMMON/SGL_302j/LIB_ELF/LIBCD.A(CDC_DRV.O)
 .data          0x060285d0        0x0 ../../Compiler/COMMON/SGL_302j/LIB_ELF/LIBCD.A(CDC_DEV.O)
 .data          0x060285d0        0x0 ../../Compiler/COMMON/SGL_302j/LIB_ELF/LIBCD.A(CDC_SEL.O)
 .data          0x060285d0        0x0 ../../Compiler/COMMON/SGL_302j/LIB_ELF/LIBCD.A(CDC_BIF.O)
 .data          0x060285d0        0x0 ../../Compiler/COMMON/SGL_302j/LIB_ELF/LIBCD.A(CDC_BIO.O)
 .data          0x060285d0        0x0 ../../Compiler/COMMON/SGL_302j/LIB_ELF/LIBSGL.A(sglA15.o)
 .data          0x060285d0        0x0 ../../Compiler/COMMON/SGL_302j/LIB_ELF/LIBSGL.A(sglA16.o)
 .data          0x060285d0        0x0 ../../Compiler/COMMON/SGL_302j/LIB_ELF/LIBSGL.A(sglA17.o)
 .data          0x060285d0        0x0 ../../Compiler/COMMON/SGL_302j/LIB_ELF/LIBSGL.A(sglA18.o)
 .data          0x060285d0        0x0 ../../Compiler/COMMON/SGL_302j/LIB_ELF/LIBSGL.A(sglA19.o)
 .data          0x060285d0        0x0 ../../Compiler/COMMON/SGL_302j/LIB_ELF/LIBSGL.A(sglA20.o)
 .data          0x060285d0        0x0 ../../Compiler/COMMON/SGL_302j/LIB_ELF/LIBSGL.A(sglA21.o)
 .data          0x060285d0        0x0 ../../Compiler/COMMON/SGL_302j/LIB_ELF/LIBSGL.A(sglA23.o)
 .data          0x060285d0        0x0 ../../Compiler/COMMON/SGL_302j/LIB_ELF/LIBSGL.A(sglA27.o)
 .data          0x060285d0        0x0 ../../Compiler/COMMON/SGL_302j/LIB_ELF/LIBSGL.A(sglB001.o)
 .data          0x060285d0        0x0 ../../Compiler/COMMON/SGL_302j/LIB_ELF/LIBSGL.A(sglB011.o)
 .data          0x060285d0        0x0 ../../Compiler/COMMON/SGL_302j/LIB_ELF/LIBSGL.A(sglB014.o)
 .data          0x060285d0        0x0 ../../Compiler/COMMON/SGL_302j/LIB_ELF/LIBSGL.A(sglB015.o)
 .data          0x060285d0        0x0 ../../Compiler/COMMON/SGL_302j/LIB_ELF/LIBSGL.A(sglB016.o)
 .data          0x060285d0        0x0 ../../Compiler/COMMON/SGL_302j/LIB_ELF/LIBSGL.A(sglB020.o)
 .data          0x060285d0        0x0 ../../Compiler/COMMON/SGL_302j/LIB_ELF/LIBSGL.A(sglB021.o)
 .data          0x060285d0        0x0 ../../Compiler/COMMON/SGL_302j/LIB_ELF/LIBSGL.A(sglB023.o)
 .data          0x060285d0        0x0 ../../Compiler/COMMON/SGL_302j/LIB_ELF/LIBSGL.A(sglB032.o)
 .data          0x060285d0        0x0 ../../Compiler/COMMON/SGL_302j/LIB_ELF/LIBSGL.A(sglB035.o)
 .data          0x060285d0        0x0 ../../Compiler/COMMON/SGL_302j/LIB_ELF/LIBSGL.A(sglB036.o)
 .data          0x060285d0        0x0 ../../Compiler/COMMON/SGL_302j/LIB_ELF/LIBSGL.A(sglB038.o)
 .data          0x060285d0        0x0 ../../Compiler/COMMON/SGL_302j/LIB_ELF/LIBSGL.A(sglB039.o)
 .data          0x060285d0        0x0 ../../Compiler/COMMON/SGL_302j/LIB_ELF/LIBSGL.A(sglB040.o)
 .data          0x060285d0        0x0 ../../Compiler/COMMON/SGL_302j/LIB_ELF/LIBSGL.A(sglB041.o)
 .data          0x060285d0        0x0 ../../Compiler/COMMON/SGL_302j/LIB_ELF/LIBSGL.A(sglB043.o)
 .data          0x060285d0        0x0 ../../Compiler/COMMON/SGL_302j/LIB_ELF/LIBSGL.A(sglB047.o)
 .data          0x060285d0        0x0 ../../Compiler/COMMON/SGL_302j/LIB_ELF/LIBSGL.A(sglB048.o)
 .data          0x060285d0        0x0 ../../Compiler/COMMON/SGL_302j/LIB_ELF/LIBSGL.A(sglB056.o)
 .data          0x060285d0        0x0 ../../Compiler/COMMON/SGL_302j/LIB_ELF/LIBSGL.A(sglB059.o)
 .data          0x060285d0        0x0 ../../Compiler/COMMON/SGL_302j/LIB_ELF/LIBSGL.A(sglB060.o)
 .data          0x060285d0        0x0 ../../Compiler/COMMON/SGL_302j/LIB_ELF/LIBSGL.A(sglB063.o)
 .data          0x060285d0        0x0 ../../Compiler/COMMON/SGL_302j/LIB_ELF/LIBSGL.A(sglB087.o)
 .data          0x060285d0        0x0 ../../Compiler/COMMON/SGL_302j/LIB_ELF/LIBSGL.A(sglB088.o)
 .data          0x060285d0        0x0 ../../Compiler/COMMON/SGL_302j/LIB_ELF/LIBSGL.A(sglB090.o)
 .data          0x060285d0        0x0 ../../Compiler/COMMON/SGL_302j/LIB_ELF/LIBSGL.A(sglB200.o)
 .data          0x060285d0        0x0 ../../Compiler/COMMON/SGL_302j/LIB_ELF/LIBSGL.A(sglC04.o)
 .data          0x060285d0        0x0 ../../Compiler/COMMON/SGL_302j/LIB_ELF/LIBSGL.A(sglC05.o)
 .data          0x060285d0        0x0 ../../Compiler/COMMON/SGL_302j/LIB_ELF/LIBSGL.A(sglC06.o)
 .data          0x060285d0        0x0 ../../Compiler/COMMON/SGL_302j/LIB_ELF/LIBSGL.A(sglC07.o)
 .data          0x060285d0        0x0 ../../Compiler/COMMON/SGL_302j/LIB_ELF/LIBSGL.A(sglC08.o)
 .data          0x060285d0        0x0 ../../Compiler/COMMON/SGL_302j/LIB_ELF/LIBSGL.A(sglC17.o)
 .data          0x060285d0        0x0 ../../Compiler/COMMON/SGL_302j/LIB_ELF/LIBSGL.A(sglC19.o)
 .data          0x060285d0        0x0 ../../Compiler/COMMON/SGL_302j/LIB_ELF/LIBSGL.A(sglC20.o)
 .data          0x060285d0        0x0 ../../Compiler/COMMON/SGL_302j/LIB_ELF/LIBSGL.A(sglC21.o)
 .data          0x060285d0        0x0 ../../Compiler/COMMON/SGL_302j/LIB_ELF/LIBSGL.A(sglD00.o)
 .data          0x060285d0        0x0 ../../Compiler/COMMON/SGL_302j/LIB_ELF/LIBSGL.A(sglD01.o)
 .data          0x060285d0        0x0 ../../Compiler/COMMON/SGL_302j/LIB_ELF/LIBSGL.A(sglD03.o)
 .data          0x060285d0        0x0 ../../Compiler/COMMON/SGL_302j/LIB_ELF/LIBSGL.A(sglD15.o)
 .data          0x060285d0        0x0 ../../Compiler/COMMON/SGL_302j/LIB_ELF/LIBSGL.A(sglD16.o)
 .data          0x060285d0        0x0 ../../Compiler/COMMON/SGL_302j/LIB_ELF/LIBSGL.A(sglD17.o)
 .data          0x060285d0        0x0 ../../Compiler/COMMON/SGL_302j/LIB_ELF/LIBSGL.A(sglD18.o)
 .data          0x060285d0        0x0 ../../Compiler/COMMON/SGL_302j/LIB_ELF/LIBSGL.A(sglF00.o)
 .data          0x060285d0        0x0 ../../Compiler/COMMON/SGL_302j/LIB_ELF/LIBSGL.A(sglF05.o)
 .data          0x060285d0        0x0 ../../Compiler/COMMON/SGL_302j/LIB_ELF/LIBSGL.A(sglF08.o)
 .data          0x060285d0        0x0 ../../Compiler/COMMON/SGL_302j/LIB_ELF/LIBSGL.A(sglH00.o)
 .data          0x060285d0        0x0 ../../Compiler/COMMON/SGL_302j/LIB_ELF/LIBSGL.A(sglH01.o)
 .data          0x060285d0        0x0 ../../Compiler/COMMON/SGL_302j/LIB_ELF/LIBSGL.A(sglH02.o)
 .data          0x060285d0        0x0 ../../Compiler/COMMON/SGL_302j/LIB_ELF/LIBSGL.A(sglH04.o)
 .data          0x060285d0        0x0 ../../Compiler/COMMON/SGL_302j/LIB_ELF/LIBSGL.A(sglI01.o)
 .data          0x060285d0        0x0 ../../Compiler/COMMON/SGL_302j/LIB_ELF/LIBSGL.A(sglI04.o)
 .data          0x060285d0       0x80 ../../Compiler/COMMON/SGL_302j/LIB_ELF/LIBSGL.A(sglIc0.o)
                0x060285d0                IntPrioMask
 .data          0x06028650        0x0 ../../Compiler/COMMON/SGL_302j/LIB_ELF/LIBSGL.A(sglJ00.o)
 .data          0x06028650        0x0 ../../Compiler/COMMON/SGL_302j/LIB_ELF/LIBSGL.A(sglJ01.o)
 .data          0x06028650        0x0 ../../Compiler/COMMON/SGL_302j/LIB_ELF/LIBSGL.A(sglJ02.o)
 .data          0x06028650        0x0 ../../Compiler/COMMON/SGL_302j/LIB_ELF/LIBSGL.A(sglJ03.o)
 .data          0x06028650        0x0 ../../Compiler/COMMON/SGL_302j/LIB_ELF/LIBSGL.A(sglJ04.o)
 .data          0x06028650        0x0 ../../Compiler/COMMON/SGL_302j/LIB_ELF/LIBSGL.A(sglJ05.o)
 .data          0x06028650        0x0 ../../Compiler/COMMON/SGL_302j/LIB_ELF/LIBSGL.A(sglK01.o)
 .data          0x06028650        0x0 ../../Compiler/COMMON/SGL_302j/LIB_ELF/LIBSGL.A(sglM01.o)
 .data          0x06028650        0x0 ../../Compiler/COMMON/SGL_302j/LIB_ELF/LIBSGL.A(sglA00.o)
 .data          0x06028650        0x0 ../../Compiler/COMMON/SGL_302j/LIB_ELF/LIBSGL.A(sglA01.o)
 .data          0x06028650        0x0 ../../Compiler/COMMON/SGL_302j/LIB_ELF/LIBSGL.A(sglA10.o)
 .data          0x06028650        0x0 ../../Compiler/COMMON/SGL_302j/LIB_ELF/LIBSGL.A(sglB000.o)
 .data          0x06028650        0x0 ../../Compiler/COMMON/SGL_302j/LIB_ELF/LIBSGL.A(sglC00.o)
 .data          0x06028650        0x0 ../../Compiler/COMMON/SGL_302j/LIB_ELF/LIBSGL.A(sglI00.o)
 .data          0x06028650        0x0 ../../Compiler/COMMON/SGL_302j/LIB_ELF/LIBSGL.A(sglH03.o)
 .data          0x06028650        0x0 c:/users/stuff/downloads/joengine-master/joengine-master/compiler/windows/bin/../lib/gcc/sh-elf/9.3.0\libgcc.a(_ashiftrt.o)
 .data          0x06028650        0x0 c:/users/stuff/downloads/joengine-master/joengine-master/compiler/windows/bin/../lib/gcc/sh-elf/9.3.0\libgcc.a(_ashiftrt_n.o)
 .data          0x06028650        0x0 c:/users/stuff/downloads/joengine-master/joengine-master/compiler/windows/bin/../lib/gcc/sh-elf/9.3.0\libgcc.a(_ashiftlt.o)
 .data          0x06028650        0x0 c:/users/stuff/downloads/joengine-master/joengine-master/compiler/windows/bin/../lib/gcc/sh-elf/9.3.0\libgcc.a(_lshiftrt.o)
 .data          0x06028650        0x0 c:/users/stuff/downloads/joengine-master/joengine-master/compiler/windows/bin/../lib/gcc/sh-elf/9.3.0\libgcc.a(_movmem.o)
 .data          0x06028650        0x0 c:/users/stuff/downloads/joengine-master/joengine-master/compiler/windows/bin/../lib/gcc/sh-elf/9.3.0\libgcc.a(_sdivsi3.o)
 .data          0x06028650        0x0 c:/users/stuff/downloads/joengine-master/joengine-master/compiler/windows/bin/../lib/gcc/sh-elf/9.3.0\libgcc.a(_udivsi3.o)
 .data          0x06028650        0x0 c:/users/stuff/downloads/joengine-master/joengine-master/compiler/windows/bin/../lib/gcc/sh-elf/9.3.0\libgcc.a(_addsub_sf.o)
 .data          0x06028650        0x0 c:/users/stuff/downloads/joengine-master/joengine-master/compiler/windows/bin/../lib/gcc/sh-elf/9.3.0\libgcc.a(_mul_sf.o)
 .data          0x06028650        0x0 c:/users/stuff/downloads/joengine-master/joengine-master/compiler/windows/bin/../lib/gcc/sh-elf/9.3.0\libgcc.a(_div_sf.o)
 .data          0x06028650        0x0 c:/users/stuff/downloads/joengine-master/joengine-master/compiler/windows/bin/../lib/gcc/sh-elf/9.3.0\libgcc.a(_gt_sf.o)
 .data          0x06028650        0x0 c:/users/stuff/downloads/joengine-master/joengine-master/compiler/windows/bin/../lib/gcc/sh-elf/9.3.0\libgcc.a(_ge_sf.o)
 .data          0x06028650        0x0 c:/users/stuff/downloads/joengine-master/joengine-master/compiler/windows/bin/../lib/gcc/sh-elf/9.3.0\libgcc.a(_lt_sf.o)
 .data          0x06028650        0x0 c:/users/stuff/downloads/joengine-master/joengine-master/compiler/windows/bin/../lib/gcc/sh-elf/9.3.0\libgcc.a(_le_sf.o)
 .data          0x06028650        0x0 c:/users/stuff/downloads/joengine-master/joengine-master/compiler/windows/bin/../lib/gcc/sh-elf/9.3.0\libgcc.a(_si_to_sf.o)
 .data          0x06028650        0x0 c:/users/stuff/downloads/joengine-master/joengine-master/compiler/windows/bin/../lib/gcc/sh-elf/9.3.0\libgcc.a(_sf_to_si.o)
 .data          0x06028650        0x0 c:/users/stuff/downloads/joengine-master/joengine-master/compiler/windows/bin/../lib/gcc/sh-elf/9.3.0\libgcc.a(_sf_to_df.o)
 .data          0x06028650        0x0 c:/users/stuff/downloads/joengine-master/joengine-master/compiler/windows/bin/../lib/gcc/sh-elf/9.3.0\libgcc.a(_thenan_sf.o)
 .data          0x06028650        0x0 c:/users/stuff/downloads/joengine-master/joengine-master/compiler/windows/bin/../lib/gcc/sh-elf/9.3.0\libgcc.a(_usi_to_sf.o)
 .data          0x06028650        0x0 c:/users/stuff/downloads/joengine-master/joengine-master/compiler/windows/bin/../lib/gcc/sh-elf/9.3.0\libgcc.a(_addsub_df.o)
 .data          0x06028650        0x0 c:/users/stuff/downloads/joengine-master/joengine-master/compiler/windows/bin/../lib/gcc/sh-elf/9.3.0\libgcc.a(_mul_df.o)
 .data          0x06028650        0x0 c:/users/stuff/downloads/joengine-master/joengine-master/compiler/windows/bin/../lib/gcc/sh-elf/9.3.0\libgcc.a(_si_to_df.o)
 .data          0x06028650        0x0 c:/users/stuff/downloads/joengine-master/joengine-master/compiler/windows/bin/../lib/gcc/sh-elf/9.3.0\libgcc.a(_df_to_si.o)
 .data          0x06028650        0x0 c:/users/stuff/downloads/joengine-master/joengine-master/compiler/windows/bin/../lib/gcc/sh-elf/9.3.0\libgcc.a(_make_df.o)
 .data          0x06028650        0x0 c:/users/stuff/downloads/joengine-master/joengine-master/compiler/windows/bin/../lib/gcc/sh-elf/9.3.0\libgcc.a(_df_to_sf.o)
 .data          0x06028650        0x0 c:/users/stuff/downloads/joengine-master/joengine-master/compiler/windows/bin/../lib/gcc/sh-elf/9.3.0\libgcc.a(_thenan_df.o)
 .data          0x06028650        0x0 c:/users/stuff/downloads/joengine-master/joengine-master/compiler/windows/bin/../lib/gcc/sh-elf/9.3.0\libgcc.a(_clzsi2.o)
 .data          0x06028650        0x0 c:/users/stuff/downloads/joengine-master/joengine-master/compiler/windows/bin/../lib/gcc/sh-elf/9.3.0\libgcc.a(_pack_sf.o)
 .data          0x06028650        0x0 c:/users/stuff/downloads/joengine-master/joengine-master/compiler/windows/bin/../lib/gcc/sh-elf/9.3.0\libgcc.a(_unpack_sf.o)
 .data          0x06028650        0x0 c:/users/stuff/downloads/joengine-master/joengine-master/compiler/windows/bin/../lib/gcc/sh-elf/9.3.0\libgcc.a(_fpcmp_parts_sf.o)
 .data          0x06028650        0x0 c:/users/stuff/downloads/joengine-master/joengine-master/compiler/windows/bin/../lib/gcc/sh-elf/9.3.0\libgcc.a(_make_sf.o)
 .data          0x06028650        0x0 c:/users/stuff/downloads/joengine-master/joengine-master/compiler/windows/bin/../lib/gcc/sh-elf/9.3.0\libgcc.a(_pack_df.o)
 .data          0x06028650        0x0 c:/users/stuff/downloads/joengine-master/joengine-master/compiler/windows/bin/../lib/gcc/sh-elf/9.3.0\libgcc.a(_unpack_df.o)
 .data          0x06028650        0x0 c:/users/stuff/downloads/joengine-master/joengine-master/compiler/windows/bin/../lib/gcc/sh-elf/9.3.0\libgcc.a(_clz.o)